Component: ARM Compiler 5.06 update 5 (build 528) Tool: armlink [4d35e2]

==============================================================================

Section Cross References

    system_stm32f4xx.o(i.SystemCoreClockUpdate) refers to system_stm32f4xx.o(.data) for SystemCoreClock
    system_stm32f4xx.o(i.SystemInit) refers to system_stm32f4xx.o(i.SetSysClock) for SetSysClock
    main.o(i.main) refers to board.o(i.board_init) for board_init
    main.o(i.main) refers to bsp_uart.o(i.uart1_init) for uart1_init
    main.o(i.main) refers to stm32f4xx_rcc.o(i.RCC_AHB1PeriphClockCmd) for RCC_AHB1PeriphClockCmd
    main.o(i.main) refers to stm32f4xx_gpio.o(i.GPIO_Init) for GPIO_Init
    main.o(i.main) refers to thread.o(i.rt_thread_create) for rt_thread_create
    main.o(i.main) refers to thread.o(i.rt_thread_startup) for rt_thread_startup
    main.o(i.main) refers to main.o(i.thread01_entry) for thread01_entry
    main.o(i.main) refers to main.o(.data) for thread01
    main.o(i.thread01_entry) refers to stm32f4xx_gpio.o(i.GPIO_SetBits) for GPIO_SetBits
    main.o(i.thread01_entry) refers to thread.o(i.rt_thread_delay) for rt_thread_delay
    main.o(i.thread01_entry) refers to stm32f4xx_gpio.o(i.GPIO_ResetBits) for GPIO_ResetBits
    startup_stm32f40xx.o(RESET) refers to startup_stm32f40xx.o(STACK) for __initial_sp
    startup_stm32f40xx.o(RESET) refers to startup_stm32f40xx.o(.text) for Reset_Handler
    startup_stm32f40xx.o(RESET) refers to stm32f4xx_it.o(i.NMI_Handler) for NMI_Handler
    startup_stm32f40xx.o(RESET) refers to context_rvds.o(.text) for HardFault_Handler
    startup_stm32f40xx.o(RESET) refers to stm32f4xx_it.o(i.MemManage_Handler) for MemManage_Handler
    startup_stm32f40xx.o(RESET) refers to stm32f4xx_it.o(i.BusFault_Handler) for BusFault_Handler
    startup_stm32f40xx.o(RESET) refers to stm32f4xx_it.o(i.UsageFault_Handler) for UsageFault_Handler
    startup_stm32f40xx.o(RESET) refers to stm32f4xx_it.o(i.SVC_Handler) for SVC_Handler
    startup_stm32f40xx.o(RESET) refers to stm32f4xx_it.o(i.DebugMon_Handler) for DebugMon_Handler
    startup_stm32f40xx.o(RESET) refers to board_1.o(i.SysTick_Handler) for SysTick_Handler
    startup_stm32f40xx.o(RESET) refers to bsp_uart.o(i.USART1_IRQHandler) for USART1_IRQHandler
    startup_stm32f40xx.o(.text) refers to system_stm32f4xx.o(i.SystemInit) for SystemInit
    startup_stm32f40xx.o(.text) refers to entry.o(.ARM.Collect$$$$00000000) for __main
    bsp_uart.o(i.USART1_IRQHandler) refers to stm32f4xx_usart.o(i.USART_GetITStatus) for USART_GetITStatus
    bsp_uart.o(i.USART1_IRQHandler) refers to stm32f4xx_usart.o(i.USART_ClearITPendingBit) for USART_ClearITPendingBit
    bsp_uart.o(i.fputc) refers to stm32f4xx_usart.o(i.USART_SendData) for USART_SendData
    bsp_uart.o(i.fputc) refers to stm32f4xx_usart.o(i.USART_GetFlagStatus) for USART_GetFlagStatus
    bsp_uart.o(i.uart1_init) refers to stm32f4xx_rcc.o(i.RCC_AHB1PeriphClockCmd) for RCC_AHB1PeriphClockCmd
    bsp_uart.o(i.uart1_init) refers to stm32f4xx_gpio.o(i.GPIO_PinAFConfig) for GPIO_PinAFConfig
    bsp_uart.o(i.uart1_init) refers to stm32f4xx_gpio.o(i.GPIO_StructInit) for GPIO_StructInit
    bsp_uart.o(i.uart1_init) refers to stm32f4xx_gpio.o(i.GPIO_Init) for GPIO_Init
    bsp_uart.o(i.uart1_init) refers to stm32f4xx_rcc.o(i.RCC_APB2PeriphClockCmd) for RCC_APB2PeriphClockCmd
    bsp_uart.o(i.uart1_init) refers to stm32f4xx_usart.o(i.USART_DeInit) for USART_DeInit
    bsp_uart.o(i.uart1_init) refers to stm32f4xx_usart.o(i.USART_StructInit) for USART_StructInit
    bsp_uart.o(i.uart1_init) refers to stm32f4xx_usart.o(i.USART_Init) for USART_Init
    bsp_uart.o(i.uart1_init) refers to stm32f4xx_usart.o(i.USART_ClearFlag) for USART_ClearFlag
    bsp_uart.o(i.uart1_init) refers to stm32f4xx_usart.o(i.USART_ITConfig) for USART_ITConfig
    bsp_uart.o(i.uart1_init) refers to stm32f4xx_usart.o(i.USART_Cmd) for USART_Cmd
    bsp_uart.o(i.uart1_init) refers to misc.o(i.NVIC_Init) for NVIC_Init
    board.o(i.board_init) refers to misc.o(i.SysTick_CLKSourceConfig) for SysTick_CLKSourceConfig
    board.o(i.delay_1ms) refers to board.o(i.delay_us) for delay_us
    board.o(i.delay_1us) refers to board.o(i.delay_us) for delay_us
    board.o(i.delay_ms) refers to board.o(i.delay_us) for delay_us
    board.o(i.delay_us) refers to system_stm32f4xx.o(.data) for SystemCoreClock
    stm32f4xx_adc.o(i.ADC_DeInit) refers to stm32f4xx_rcc.o(i.RCC_APB2PeriphResetCmd) for RCC_APB2PeriphResetCmd
    stm32f4xx_can.o(i.CAN_DeInit) refers to stm32f4xx_rcc.o(i.RCC_APB1PeriphResetCmd) for RCC_APB1PeriphResetCmd
    stm32f4xx_can.o(i.CAN_GetITStatus) refers to stm32f4xx_can.o(i.CheckITStatus) for CheckITStatus
    stm32f4xx_cryp.o(i.CRYP_DeInit) refers to stm32f4xx_rcc.o(i.RCC_AHB2PeriphResetCmd) for RCC_AHB2PeriphResetCmd
    stm32f4xx_cryp_aes.o(i.CRYP_AES_CBC) refers to stm32f4xx_cryp.o(i.CRYP_KeyStructInit) for CRYP_KeyStructInit
[...]
    Removing stm32f4xx_syscfg.o(i.SYSCFG_DeInit), (22 bytes).
    Removing stm32f4xx_syscfg.o(i.SYSCFG_ETH_MediaInterfaceConfig), (12 bytes).
    Removing stm32f4xx_syscfg.o(i.SYSCFG_EXTILineConfig), (64 bytes).
    Removing stm32f4xx_syscfg.o(i.SYSCFG_GetCompensationCellStatus), (24 bytes).
    Removing stm32f4xx_syscfg.o(i.SYSCFG_MemoryRemapConfig), (12 bytes).
    Removing stm32f4xx_syscfg.o(i.SYSCFG_MemorySwappingBank), (12 bytes).
    Removing stm32f4xx_tim.o(.rev16_text), (4 bytes).
    Removing stm32f4xx_tim.o(.revsh_text), (4 bytes).
    Removing stm32f4xx_tim.o(.rrx_text), (6 bytes).
    Removing stm32f4xx_tim.o(i.TI1_Config), (58 bytes).
    Removing stm32f4xx_tim.o(i.TI2_Config), (80 bytes).
    Removing stm32f4xx_tim.o(i.TI3_Config), (72 bytes).
    Removing stm32f4xx_tim.o(i.TI4_Config), (80 bytes).
    Removing stm32f4xx_tim.o(i.TIM_ARRPreloadConfig), (24 bytes).
    Removing stm32f4xx_tim.o(i.TIM_BDTRConfig), (32 bytes).
    Removing stm32f4xx_tim.o(i.TIM_BDTRStructInit), (18 bytes).
    Removing stm32f4xx_tim.o(i.TIM_CCPreloadControl), (24 bytes).
    Removing stm32f4xx_tim.o(i.TIM_CCxCmd), (30 bytes).
    Removing stm32f4xx_tim.o(i.TIM_CCxNCmd), (30 bytes).
    Removing stm32f4xx_tim.o(i.TIM_ClearFlag), (6 bytes).
    Removing stm32f4xx_tim.o(i.TIM_ClearITPendingBit), (6 bytes).
    Removing stm32f4xx_tim.o(i.TIM_ClearOC1Ref), (18 bytes).
    Removing stm32f4xx_tim.o(i.TIM_ClearOC2Ref), (24 bytes).
    Removing stm32f4xx_tim.o(i.TIM_ClearOC3Ref), (18 bytes).
    Removing stm32f4xx_tim.o(i.TIM_ClearOC4Ref), (24 bytes).
    Removing stm32f4xx_tim.o(i.TIM_Cmd), (24 bytes).
    Removing stm32f4xx_tim.o(i.TIM_CounterModeConfig), (18 bytes).
    Removing stm32f4xx_tim.o(i.TIM_CtrlPWMOutputs), (30 bytes).
    Removing stm32f4xx_tim.o(i.TIM_DMACmd), (18 bytes).
    Removing stm32f4xx_tim.o(i.TIM_DMAConfig), (10 bytes).
    Removing stm32f4xx_tim.o(i.TIM_DeInit), (400 bytes).
    Removing stm32f4xx_tim.o(i.TIM_ETRClockMode1Config), (54 bytes).
    Removing stm32f4xx_tim.o(i.TIM_ETRClockMode2Config), (32 bytes).
    Removing stm32f4xx_tim.o(i.TIM_ETRConfig), (28 bytes).
    Removing stm32f4xx_tim.o(i.TIM_EncoderInterfaceConfig), (66 bytes).
    Removing stm32f4xx_tim.o(i.TIM_ForcedOC1Config), (18 bytes).
    Removing stm32f4xx_tim.o(i.TIM_ForcedOC2Config), (26 bytes).
    Removing stm32f4xx_tim.o(i.TIM_ForcedOC3Config), (18 bytes).
    Removing stm32f4xx_tim.o(i.TIM_ForcedOC4Config), (26 bytes).
    Removing stm32f4xx_tim.o(i.TIM_GenerateEvent), (4 bytes).
    Removing stm32f4xx_tim.o(i.TIM_GetCapture1), (6 bytes).
    Removing stm32f4xx_tim.o(i.TIM_GetCapture2), (6 bytes).
    Removing stm32f4xx_tim.o(i.TIM_GetCapture3), (6 bytes).
    Removing stm32f4xx_tim.o(i.TIM_GetCapture4), (6 bytes).
    Removing stm32f4xx_tim.o(i.TIM_GetCounter), (6 bytes).
    Removing stm32f4xx_tim.o(i.TIM_GetFlagStatus), (18 bytes).
    Removing stm32f4xx_tim.o(i.TIM_GetITStatus), (34 bytes).
    Removing stm32f4xx_tim.o(i.TIM_GetPrescaler), (6 bytes).
    Removing stm32f4xx_tim.o(i.TIM_ICInit), (110 bytes).
    Removing stm32f4xx_tim.o(i.TIM_ICStructInit), (18 bytes).
    Removing stm32f4xx_tim.o(i.TIM_ITConfig), (18 bytes).
    Removing stm32f4xx_tim.o(i.TIM_ITRxExternalClockConfig), (24 bytes).
    Removing stm32f4xx_tim.o(i.TIM_InternalClockConfig), (12 bytes).
    Removing stm32f4xx_tim.o(i.TIM_OC1FastConfig), (18 bytes).
    Removing stm32f4xx_tim.o(i.TIM_OC1Init), (124 bytes).
    Removing stm32f4xx_tim.o(i.TIM_OC1NPolarityConfig), (18 bytes).
    Removing stm32f4xx_tim.o(i.TIM_OC1PolarityConfig), (18 bytes).
    Removing stm32f4xx_tim.o(i.TIM_OC1PreloadConfig), (18 bytes).
    Removing stm32f4xx_tim.o(i.TIM_OC2FastConfig), (26 bytes).
    Removing stm32f4xx_tim.o(i.TIM_OC2Init), (164 bytes).
    Removing stm32f4xx_tim.o(i.TIM_OC2NPolarityConfig), (26 bytes).
    Removing stm32f4xx_tim.o(i.TIM_OC2PolarityConfig), (26 bytes).
    Removing stm32f4xx_tim.o(i.TIM_OC2PreloadConfig), (26 bytes).
    Removing stm32f4xx_tim.o(i.TIM_OC3FastConfig), (18 bytes).
    Removing stm32f4xx_tim.o(i.TIM_OC3Init), (160 bytes).
    Removing stm32f4xx_tim.o(i.TIM_OC3NPolarityConfig), (26 bytes).
    Removing stm32f4xx_tim.o(i.TIM_OC3PolarityConfig), (26 bytes).
    Removing stm32f4xx_tim.o(i.TIM_OC3PreloadConfig), (18 bytes).
    Removing stm32f4xx_tim.o(i.TIM_OC4FastConfig), (26 bytes).
    Removing stm32f4xx_tim.o(i.TIM_OC4Init), (120 bytes).
    Removing stm32f4xx_tim.o(i.TIM_OC4PolarityConfig), (26 bytes).
    Removing stm32f4xx_tim.o(i.TIM_OC4PreloadConfig), (26 bytes).
    Removing stm32f4xx_tim.o(i.TIM_OCStructInit), (20 bytes).
    Removing stm32f4xx_tim.o(i.TIM_PWMIConfig), (124 bytes).
    Removing stm32f4xx_tim.o(i.TIM_PrescalerConfig), (6 bytes).
    Removing stm32f4xx_tim.o(i.TIM_RemapConfig), (6 bytes).
    Removing stm32f4xx_tim.o(i.TIM_SelectCCDMA), (24 bytes).
    Removing stm32f4xx_tim.o(i.TIM_SelectCOM), (24 bytes).
    Removing stm32f4xx_tim.o(i.TIM_SelectHallSensor), (24 bytes).
    Removing stm32f4xx_tim.o(i.TIM_SelectInputTrigger), (18 bytes).
    Removing stm32f4xx_tim.o(i.TIM_SelectMasterSlaveMode), (18 bytes).
    Removing stm32f4xx_tim.o(i.TIM_SelectOCxM), (86 bytes).
    Removing stm32f4xx_tim.o(i.TIM_SelectOnePulseMode), (18 bytes).
    Removing stm32f4xx_tim.o(i.TIM_SelectOutputTrigger), (18 bytes).
    Removing stm32f4xx_tim.o(i.TIM_SelectSlaveMode), (18 bytes).
    Removing stm32f4xx_tim.o(i.TIM_SetAutoreload), (4 bytes).
    Removing stm32f4xx_tim.o(i.TIM_SetClockDivision), (18 bytes).
    Removing stm32f4xx_tim.o(i.TIM_SetCompare1), (4 bytes).
    Removing stm32f4xx_tim.o(i.TIM_SetCompare2), (4 bytes).
    Removing stm32f4xx_tim.o(i.TIM_SetCompare3), (4 bytes).
    Removing stm32f4xx_tim.o(i.TIM_SetCompare4), (4 bytes).
    Removing stm32f4xx_tim.o(i.TIM_SetCounter), (4 bytes).
    Removing stm32f4xx_tim.o(i.TIM_SetIC1Prescaler), (18 bytes).
    Removing stm32f4xx_tim.o(i.TIM_SetIC2Prescaler), (26 bytes).
    Removing stm32f4xx_tim.o(i.TIM_SetIC3Prescaler), (18 bytes).
    Removing stm32f4xx_tim.o(i.TIM_SetIC4Prescaler), (26 bytes).
    Removing stm32f4xx_tim.o(i.TIM_TIxExternalClockConfig), (62 bytes).
    Removing stm32f4xx_tim.o(i.TIM_TimeBaseInit), (132 bytes).
    Removing stm32f4xx_tim.o(i.TIM_TimeBaseStructInit), (18 bytes).
    Removing stm32f4xx_tim.o(i.TIM_UpdateDisableConfig), (24 bytes).
    Removing stm32f4xx_tim.o(i.TIM_UpdateRequestConfig), (24 bytes).
    Removing stm32f4xx_usart.o(.rev16_text), (4 bytes).
    Removing stm32f4xx_usart.o(.revsh_text), (4 bytes).
    Removing stm32f4xx_usart.o(.rrx_text), (6 bytes).
    Removing stm32f4xx_usart.o(i.USART_ClockInit), (32 bytes).
    Removing stm32f4xx_usart.o(i.USART_ClockStructInit), (12 bytes).
    Removing stm32f4xx_usart.o(i.USART_DMACmd), (18 bytes).
    Removing stm32f4xx_usart.o(i.USART_GetFlagStatus), (26 bytes).
    Removing stm32f4xx_usart.o(i.USART_HalfDuplexCmd), (24 bytes).
    Removing stm32f4xx_usart.o(i.USART_IrDACmd), (24 bytes).
    Removing stm32f4xx_usart.o(i.USART_IrDAConfig), (18 bytes).
    Removing stm32f4xx_usart.o(i.USART_LINBreakDetectLengthConfig), (18 bytes).
    Removing stm32f4xx_usart.o(i.USART_LINCmd), (24 bytes).
    Removing stm32f4xx_usart.o(i.USART_OneBitMethodCmd), (24 bytes).
    Removing stm32f4xx_usart.o(i.USART_OverSampling8Cmd), (22 bytes).
    Removing stm32f4xx_usart.o(i.USART_ReceiveData), (10 bytes).
    Removing stm32f4xx_usart.o(i.USART_ReceiverWakeUpCmd), (24 bytes).
    Removing stm32f4xx_usart.o(i.USART_SendBreak), (10 bytes).
    Removing stm32f4xx_usart.o(i.USART_SendData), (8 bytes).
    Removing stm32f4xx_usart.o(i.USART_SetAddress), (18 bytes).
    Removing stm32f4xx_usart.o(i.USART_SetGuardTime), (16 bytes).
    Removing stm32f4xx_usart.o(i.USART_SetPrescaler), (16 bytes).
    Removing stm32f4xx_usart.o(i.USART_SmartCardCmd), (24 bytes).
    Removing stm32f4xx_usart.o(i.USART_SmartCardNACKCmd), (24 bytes).
    Removing stm32f4xx_usart.o(i.USART_WakeUpConfig), (18 bytes).
    Removing stm32f4xx_wwdg.o(.rev16_text), (4 bytes).
    Removing stm32f4xx_wwdg.o(.revsh_text), (4 bytes).
    Removing stm32f4xx_wwdg.o(.rrx_text), (6 bytes).
    Removing stm32f4xx_wwdg.o(i.WWDG_ClearFlag), (12 bytes).
    Removing stm32f4xx_wwdg.o(i.WWDG_DeInit), (22 bytes).
    Removing stm32f4xx_wwdg.o(i.WWDG_Enable), (16 bytes).
    Removing stm32f4xx_wwdg.o(i.WWDG_EnableIT), (12 bytes).
    Removing stm32f4xx_wwdg.o(i.WWDG_GetFlagStatus), (20 bytes).
    Removing stm32f4xx_wwdg.o(i.WWDG_SetCounter), (16 bytes).
    Removing stm32f4xx_wwdg.o(i.WWDG_SetPrescaler), (24 bytes).
    Removing stm32f4xx_wwdg.o(i.WWDG_SetWindowValue), (40 bytes).
    Removing cpuport.o(i.rt_hw_cpu_reset), (16 bytes).
    Removing cpuport.o(i.rt_hw_cpu_shutdown), (2 bytes).
    Removing cpuport.o(i.rt_hw_exception_install), (12 bytes).
    Removing clock.o(i.rt_system_tick_init), (2 bytes).
    Removing clock.o(i.rt_tick_from_millisecond), (56 bytes).
    Removing clock.o(i.rt_tick_set), (28 bytes).
    Removing idle.o(i.rt_thread_idle_gethandler), (8 bytes).
    Removing ipc.o(i.rt_ipc_list_resume_all), (50 bytes).
    Removing ipc.o(i.rt_mb_control), (66 bytes).
    Removing ipc.o(i.rt_mb_create), (82 bytes).
    Removing ipc.o(i.rt_mb_delete), (36 bytes).
    Removing ipc.o(i.rt_mb_detach), (30 bytes).
    Removing ipc.o(i.rt_mb_init), (62 bytes).
    Removing ipc.o(i.rt_mb_recv), (250 bytes).
    Removing ipc.o(i.rt_mb_send), (18 bytes).
    Removing ipc.o(i.rt_mb_send_wait), (270 bytes).
    Removing ipc.o(i.rt_sem_control), (54 bytes).
    Removing ipc.o(i.rt_sem_create), (42 bytes).
    Removing ipc.o(i.rt_sem_delete), (22 bytes).
    Removing ipc.o(i.rt_sem_detach), (22 bytes).
    Removing ipc.o(i.rt_sem_trytake), (14 bytes).
    Removing irq.o(i.rt_interrupt_get_nest), (28 bytes).
    Removing kservice.o(i._rt_errno), (36 bytes).
    Removing kservice.o(i.print_number), (408 bytes).
    Removing kservice.o(i.rt_free_align), (16 bytes).
    Removing kservice.o(i.rt_get_errno), (36 bytes).
    Removing kservice.o(i.rt_malloc_align), (70 bytes).
    Removing kservice.o(i.rt_memcmp), (38 bytes).
    Removing kservice.o(i.rt_memcpy), (124 bytes).
    Removing kservice.o(i.rt_memmove), (66 bytes).
    Removing kservice.o(i.rt_set_errno), (40 bytes).
    Removing kservice.o(i.rt_snprintf), (38 bytes).
    Removing kservice.o(i.rt_sprintf), (34 bytes).
    Removing kservice.o(i.rt_strcasecmp), (48 bytes).
    Removing kservice.o(i.rt_strcmp), (28 bytes).
    Removing kservice.o(i.rt_strdup), (40 bytes).
    Removing kservice.o(i.rt_strlen), (18 bytes).
    Removing kservice.o(i.rt_strncmp), (40 bytes).
    Removing kservice.o(i.rt_strnlen), (24 bytes).
    Removing kservice.o(i.rt_strstr), (58 bytes).
    Removing kservice.o(i.rt_vsnprintf), (832 bytes).
    Removing kservice.o(i.rt_vsprintf), (22 bytes).
    Removing kservice.o(i.skip_atoi), (38 bytes).
    Removing kservice.o(.data), (4 bytes).
    Removing mem.o(i.rt_calloc), (34 bytes).
    Removing mem.o(i.rt_memory_info), (40 bytes).
    Removing mem.o(i.rt_realloc), (312 bytes).
    Removing object.o(i.rt_object_find), (82 bytes).
    Removing object.o(i.rt_object_get_length), (58 bytes).
    Removing object.o(i.rt_object_get_pointers), (86 bytes).
    Removing object.o(i.rt_object_get_type), (10 bytes).
    Removing object.o(i.rt_system_object_init), (2 bytes).
    Removing scheduler.o(i.rt_critical_level), (12 bytes).
    Removing thread.o(i.rt_thread_control), (136 bytes).
    Removing thread.o(i.rt_thread_delay_until), (110 bytes).
    Removing thread.o(i.rt_thread_delete), (88 bytes).
    Removing thread.o(i.rt_thread_detach), (104 bytes).
    Removing thread.o(i.rt_thread_find), (14 bytes).
    Removing thread.o(i.rt_thread_mdelay), (20 bytes).
    Removing timer.o(i.rt_timer_create), (54 bytes).
    Removing timer.o(i.rt_timer_delete), (40 bytes).
    Removing timer.o(i.rt_timer_list_next_timeout), (44 bytes).
    Removing timer.o(i.rt_timer_next_timeout_tick), (16 bytes).
    Removing board_1.o(.rev16_text), (4 bytes).
    Removing board_1.o(.revsh_text), (4 bytes).
    Removing board_1.o(.rrx_text), (6 bytes).
    Removing board_1.o(i.rt_os_tick_callback), (16 bytes).

900 unused section(s) (total 40332 bytes) removed from the image.

==============================================================================

Image Symbol Table

    Local Symbols

    Symbol Name                              Value     Ov Type        Size  Object(Section)

    ../clib/microlib/init/entry.s            0x00000000   Number         0  entry2.o ABSOLUTE
    ../clib/microlib/init/entry.s            0x00000000   Number         0  entry8b.o ABSOLUTE
    ../clib/microlib/init/entry.s            0x00000000   Number         0  entry7a.o ABSOLUTE
    ../clib/microlib/init/entry.s            0x00000000   Number         0  entry8a.o ABSOLUTE
    ../clib/microlib/init/entry.s            0x00000000   Number         0  entry5.o ABSOLUTE
    ../clib/microlib/init/entry.s            0x00000000   Number         0  entry7b.o ABSOLUTE
    ../clib/microlib/init/entry.s            0x00000000   Number         0  entry11b.o ABSOLUTE
    ../clib/microlib/init/entry.s            0x00000000   Number         0  entry11a.o ABSOLUTE
    ../clib/microlib/init/entry.s            0x00000000   Number         0  entry10b.o ABSOLUTE
    ../clib/microlib/init/entry.s            0x00000000   Number         0  entry10a.o ABSOLUTE
    ../clib/microlib/init/entry.s            0x00000000   Number         0  entry.o ABSOLUTE
    ../clib/microlib/init/entry.s            0x00000000   Number         0  entry9b.o ABSOLUTE
    ../clib/microlib/init/entry.s            0x00000000   Number         0  entry9a.o ABSOLUTE
    ..\..\app\main.c                         0x00000000   Number         0  main.o ABSOLUTE
    ..\..\board\board.c                      0x00000000   Number         0  board.o ABSOLUTE
    ..\..\bsp\uart\bsp_uart.c                0x00000000   Number         0  bsp_uart.o ABSOLUTE
    ..\..\libraries\CMSIS\Device\ST\STM32F4xx\Source\Templates\arm\startup_stm32f40xx.s 0x00000000   Number         0  startup_stm32f40xx.o ABSOLUTE
    ..\..\libraries\CMSIS\Device\ST\STM32F4xx\Source\Templates\system_stm32f4xx.c 0x00000000   Number         0  system_stm32f4xx.o ABSOLUTE
    ..\..\libraries\STM32F4xx_StdPeriph_Driver\src\misc.c 0x00000000   Number         0  misc.o ABSOLUTE
    ..\..\libraries\STM32F4xx_StdPeriph_Driver\src\stm32f4xx_adc.c 0x00000000   Number         0  stm32f4xx_adc.o ABSOLUTE
    ..\..\libraries\STM32F4xx_StdPeriph_Driver\src\stm32f4xx_can.c 0x00000000   Number         0  stm32f4xx_can.o ABSOLUTE
    ..\..\libraries\STM32F4xx_StdPeriph_Driver\src\stm32f4xx_cec.c 0x00000000   Number         0  stm32f4xx_cec.o ABSOLUTE
    ..\..\libraries\STM32F4xx_StdPeriph_Driver\src\stm32f4xx_crc.c 0x00000000   Number         0  stm32f4xx_crc.o ABSOLUTE
    ..\..\libraries\STM32F4xx_StdPeriph_Driver\src\stm32f4xx_cryp.c 0x00000000   Number         0  stm32f4xx_cryp.o ABSOLUTE
    ..\..\libraries\STM32F4xx_StdPeriph_Driver\src\stm32f4xx_cryp_aes.c 0x00000000   Number         0  stm32f4xx_cryp_aes.o ABSOLUTE
    ..\..\libraries\STM32F4xx_StdPeriph_Driver\src\stm32f4xx_cryp_des.c 0x00000000   Number         0  stm32f4xx_cryp_des.o ABSOLUTE
    ..\..\libraries\STM32F4xx_StdPeriph_Driver\src\stm32f4xx_cryp_tdes.c 0x00000000   Number         0  stm32f4xx_cryp_tdes.o ABSOLUTE
    ..\..\libraries\STM32F4xx_StdPeriph_Driver\src\stm32f4xx_dac.c 0x00000000   Number         0  stm32f4xx_dac.o ABSOLUTE
    ..\..\libraries\STM32F4xx_StdPeriph_Driver\src\stm32f4xx_dbgmcu.c 0x00000000   Number         0  stm32f4xx_dbgmcu.o ABSOLUTE
    ..\..\libraries\STM32F4xx_StdPeriph_Driver\src\stm32f4xx_dcmi.c 0x00000000   Number         0  stm32f4xx_dcmi.o ABSOLUTE
    ..\..\libraries\STM32F4xx_StdPeriph_Driver\src\stm32f4xx_dfsdm.c 0x00000000   Number         0  stm32f4xx_dfsdm.o ABSOLUTE
    ..\..\libraries\STM32F4xx_StdPeriph_Driver\src\stm32f4xx_dma.c 0x00000000   Number         0  stm32f4xx_dma.o ABSOLUTE
    ..\..\libraries\STM32F4xx_StdPeriph_Driver\src\stm32f4xx_dma2d.c 0x00000000   Number         0  stm32f4xx_dma2d.o ABSOLUTE
    ..\..\libraries\STM32F4xx_StdPeriph_Driver\src\stm32f4xx_dsi.c 0x00000000   Number         0  stm32f4xx_dsi.o ABSOLUTE
    ..\..\libraries\STM32F4xx_StdPeriph_Driver\src\stm32f4xx_exti.c 0x00000000   Number         0  stm32f4xx_exti.o ABSOLUTE
    ..\..\libraries\STM32F4xx_StdPeriph_Driver\src\stm32f4xx_flash.c 0x00000000   Number         0  stm32f4xx_flash.o ABSOLUTE
    ..\..\libraries\STM32F4xx_StdPeriph_Driver\src\stm32f4xx_flash_ramfunc.c 0x00000000   Number         0  stm32f4xx_flash_ramfunc.o ABSOLUTE
    ..\..\libraries\STM32F4xx_StdPeriph_Driver\src\stm32f4xx_fmpi2c.c 0x00000000   Number         0  stm32f4xx_fmpi2c.o ABSOLUTE
    ..\..\libraries\STM32F4xx_StdPeriph_Driver\src\stm32f4xx_fsmc.c 0x00000000   Number         0  stm32f4xx_fsmc.o ABSOLUTE
    ..\..\libraries\STM32F4xx_StdPeriph_Driver\src\stm32f4xx_gpio.c 0x00000000   Number         0  stm32f4xx_gpio.o ABSOLUTE
    ..\..\libraries\STM32F4xx_StdPeriph_Driver\src\stm32f4xx_hash.c 0x00000000   Number         0  stm32f4xx_hash.o ABSOLUTE
    ..\..\libraries\STM32F4xx_StdPeriph_Driver\src\stm32f4xx_hash_md5.c 0x00000000   Number         0  stm32f4xx_hash_md5.o ABSOLUTE
    ..\..\libraries\STM32F4xx_StdPeriph_Driver\src\stm32f4xx_hash_sha1.c 0x00000000   Number         0  stm32f4xx_hash_sha1.o ABSOLUTE
    ..\..\libraries\STM32F4xx_StdPeriph_Driver\src\stm32f4xx_i2c.c 0x00000000   Number         0  stm32f4xx_i2c.o ABSOLUTE
    ..\..\libraries\STM32F4xx_StdPeriph_Driver\src\stm32f4xx_iwdg.c 0x00000000   Number         0  stm32f4xx_iwdg.o ABSOLUTE
    ..\..\libraries\STM32F4xx_StdPeriph_Driver\src\stm32f4xx_lptim.c 0x00000000   Number         0  stm32f4xx_lptim.o ABSOLUTE
    ..\..\libraries\STM32F4xx_StdPeriph_Driver\src\stm32f4xx_ltdc.c 0x00000000   Number         0  stm32f4xx_ltdc.o ABSOLUTE
    ..\..\libraries\STM32F4xx_StdPeriph_Driver\src\stm32f4xx_pwr.c 0x00000000   Number         0  stm32f4xx_pwr.o ABSOLUTE
    ..\..\libraries\STM32F4xx_StdPeriph_Driver\src\stm32f4xx_qspi.c 0x00000000   Number         0  stm32f4xx_qspi.o ABSOLUTE
    ..\..\libraries\STM32F4xx_StdPeriph_Driver\src\stm32f4xx_rcc.c 0x00000000   Number         0  stm32f4xx_rcc.o ABSOLUTE
    ..\..\libraries\STM32F4xx_StdPeriph_Driver\src\stm32f4xx_rng.c 0x00000000   Number         0  stm32f4xx_rng.o ABSOLUTE
    ..\..\libraries\STM32F4xx_StdPeriph_Driver\src\stm32f4xx_rtc.c 0x00000000   Number         0  stm32f4xx_rtc.o ABSOLUTE
    ..\..\libraries\STM32F4xx_StdPeriph_Driver\src\stm32f4xx_sai.c 0x00000000   Number         0  stm32f4xx_sai.o ABSOLUTE
    ..\..\libraries\STM32F4xx_StdPeriph_Driver\src\stm32f4xx_sdio.c 0x00000000   Number         0  stm32f4xx_sdio.o ABSOLUTE
    ..\..\libraries\STM32F4xx_StdPeriph_Driver\src\stm32f4xx_spdifrx.c 0x00000000   Number         0  stm32f4xx_spdifrx.o ABSOLUTE
    ..\..\libraries\STM32F4xx_StdPeriph_Driver\src\stm32f4xx_spi.c 0x00000000   Number         0  stm32f4xx_spi.o ABSOLUTE
    ..\..\libraries\STM32F4xx_StdPeriph_Driver\src\stm32f4xx_syscfg.c 0x00000000   Number         0  stm32f4xx_syscfg.o ABSOLUTE
    ..\..\libraries\STM32F4xx_StdPeriph_Driver\src\stm32f4xx_tim.c 0x00000000   Number         0  stm32f4xx_tim.o ABSOLUTE
    ..\..\libraries\STM32F4xx_StdPeriph_Driver\src\stm32f4xx_usart.c 0x00000000   Number         0  stm32f4xx_usart.o ABSOLUTE
    ..\..\libraries\STM32F4xx_StdPeriph_Driver\src\stm32f4xx_wwdg.c 0x00000000   Number         0  stm32f4xx_wwdg.o ABSOLUTE
    ..\..\module\stm32f4xx_it.c              0x00000000   Number         0  stm32f4xx_it.o ABSOLUTE
    ..\\..\\app\\main.c                      0x00000000   Number         0  main.o ABSOLUTE
    ..\\..\\board\\board.c                   0x00000000   Number         0  board.o ABSOLUTE
    ..\\..\\bsp\\uart\\bsp_uart.c            0x00000000   Number         0  bsp_uart.o ABSOLUTE
    ..\\..\\libraries\\CMSIS\\Device\\ST\\STM32F4xx\\Source\\Templates\\system_stm32f4xx.c 0x00000000   Number         0  system_stm32f4xx.o ABSOLUTE
    ..\\..\\libraries\\STM32F4xx_StdPeriph_Driver\\src\\misc.c 0x00000000   Number         0  misc.o ABSOLUTE
    ..\\..\\libraries\\STM32F4xx_StdPeriph_Driver\\src\\stm32f4xx_adc.c 0x00000000   Number         0  stm32f4xx_adc.o ABSOLUTE
    ..\\..\\libraries\\STM32F4xx_StdPeriph_Driver\\src\\stm32f4xx_can.c 0x00000000   Number         0  stm32f4xx_can.o ABSOLUTE
    ..\\..\\libraries\\STM32F4xx_StdPeriph_Driver\\src\\stm32f4xx_cec.c 0x00000000   Number         0  stm32f4xx_cec.o ABSOLUTE
    ..\\..\\libraries\\STM32F4xx_StdPeriph_Driver\\src\\stm32f4xx_crc.c 0x00000000   Number         0  stm32f4xx_crc.o ABSOLUTE
    ..\\..\\libraries\\STM32F4xx_StdPeriph_Driver\\src\\stm32f4xx_cryp.c 0x00000000   Number         0  stm32f4xx_cryp.o ABSOLUTE
    ..\\..\\libraries\\STM32F4xx_StdPeriph_Driver\\src\\stm32f4xx_cryp_aes.c 0x00000000   Number         0  stm32f4xx_cryp_aes.o ABSOLUTE
    ..\\..\\libraries\\STM32F4xx_StdPeriph_Driver\\src\\stm32f4xx_cryp_des.c 0x00000000   Number         0  stm32f4xx_cryp_des.o ABSOLUTE
    ..\\..\\libraries\\STM32F4xx_StdPeriph_Driver\\src\\stm32f4xx_cryp_tdes.c 0x00000000   Number         0  stm32f4xx_cryp_tdes.o ABSOLUTE
    ..\\..\\libraries\\STM32F4xx_StdPeriph_Driver\\src\\stm32f4xx_dac.c 0x00000000   Number         0  stm32f4xx_dac.o ABSOLUTE
    ..\\..\\libraries\\STM32F4xx_StdPeriph_Driver\\src\\stm32f4xx_dbgmcu.c 0x00000000   Number         0  stm32f4xx_dbgmcu.o ABSOLUTE
    ..\\..\\libraries\\STM32F4xx_StdPeriph_Driver\\src\\stm32f4xx_dcmi.c 0x00000000   Number         0  stm32f4xx_dcmi.o ABSOLUTE
    ..\\..\\libraries\\STM32F4xx_StdPeriph_Driver\\src\\stm32f4xx_dfsdm.c 0x00000000   Number         0  stm32f4xx_dfsdm.o ABSOLUTE
    ..\\..\\libraries\\STM32F4xx_StdPeriph_Driver\\src\\stm32f4xx_dma.c 0x00000000   Number         0  stm32f4xx_dma.o ABSOLUTE
    ..\\..\\libraries\\STM32F4xx_StdPeriph_Driver\\src\\stm32f4xx_dma2d.c 0x00000000   Number         0  stm32f4xx_dma2d.o ABSOLUTE
    ..\\..\\libraries\\STM32F4xx_StdPeriph_Driver\\src\\stm32f4xx_dsi.c 0x00000000   Number         0  stm32f4xx_dsi.o ABSOLUTE
    ..\\..\\libraries\\STM32F4xx_StdPeriph_Driver\\src\\stm32f4xx_exti.c 0x00000000   Number         0  stm32f4xx_exti.o ABSOLUTE
    ..\\..\\libraries\\STM32F4xx_StdPeriph_Driver\\src\\stm32f4xx_flash.c 0x00000000   Number         0  stm32f4xx_flash.o ABSOLUTE
    ..\\..\\libraries\\STM32F4xx_StdPeriph_Driver\\src\\stm32f4xx_flash_ramfunc.c 0x00000000   Number         0  stm32f4xx_flash_ramfunc.o ABSOLUTE
    ..\\..\\libraries\\STM32F4xx_StdPeriph_Driver\\src\\stm32f4xx_fmpi2c.c 0x00000000   Number         0  stm32f4xx_fmpi2c.o ABSOLUTE
    ..\\..\\libraries\\STM32F4xx_StdPeriph_Driver\\src\\stm32f4xx_fsmc.c 0x00000000   Number         0  stm32f4xx_fsmc.o ABSOLUTE
    ..\\..\\libraries\\STM32F4xx_StdPeriph_Driver\\src\\stm32f4xx_gpio.c 0x00000000   Number         0  stm32f4xx_gpio.o ABSOLUTE
    ..\\..\\libraries\\STM32F4xx_StdPeriph_Driver\\src\\stm32f4xx_hash.c 0x00000000   Number         0  stm32f4xx_hash.o ABSOLUTE
    ..\\..\\libraries\\STM32F4xx_StdPeriph_Driver\\src\\stm32f4xx_hash_md5.c 0x00000000   Number         0  stm32f4xx_hash_md5.o ABSOLUTE
    ..\\..\\libraries\\STM32F4xx_StdPeriph_Driver\\src\\stm32f4xx_hash_sha1.c 0x00000000   Number         0  stm32f4xx_hash_sha1.o ABSOLUTE
    ..\\..\\libraries\\STM32F4xx_StdPeriph_Driver\\src\\stm32f4xx_i2c.c 0x00000000   Number         0  stm32f4xx_i2c.o ABSOLUTE
    ..\\..\\libraries\\STM32F4xx_StdPeriph_Driver\\src\\stm32f4xx_iwdg.c 0x00000000   Number         0  stm32f4xx_iwdg.o ABSOLUTE
    ..\\..\\libraries\\STM32F4xx_StdPeriph_Driver\\src\\stm32f4xx_lptim.c 0x00000000   Number         0  stm32f4xx_lptim.o ABSOLUTE
    ..\\..\\libraries\\STM32F4xx_StdPeriph_Driver\\src\\stm32f4xx_ltdc.c 0x00000000   Number         0  stm32f4xx_ltdc.o ABSOLUTE
    ..\\..\\libraries\\STM32F4xx_StdPeriph_Driver\\src\\stm32f4xx_pwr.c 0x00000000   Number         0  stm32f4xx_pwr.o ABSOLUTE
    ..\\..\\libraries\\STM32F4xx_StdPeriph_Driver\\src\\stm32f4xx_qspi.c 0x00000000   Number         0  stm32f4xx_qspi.o ABSOLUTE
    ..\\..\\libraries\\STM32F4xx_StdPeriph_Driver\\src\\stm32f4xx_rcc.c 0x00000000   Number         0  stm32f4xx_rcc.o ABSOLUTE
    ..\\..\\libraries\\STM32F4xx_StdPeriph_Driver\\src\\stm32f4xx_rng.c 0x00000000   Number         0  stm32f4xx_rng.o ABSOLUTE
    ..\\..\\libraries\\STM32F4xx_StdPeriph_Driver\\src\\stm32f4xx_rtc.c 0x00000000   Number         0  stm32f4xx_rtc.o ABSOLUTE
    ..\\..\\libraries\\STM32F4xx_StdPeriph_Driver\\src\\stm32f4xx_sai.c 0x00000000   Number         0  stm32f4xx_sai.o ABSOLUTE
    ..\\..\\libraries\\STM32F4xx_StdPeriph_Driver\\src\\stm32f4xx_sdio.c 0x00000000   Number         0  stm32f4xx_sdio.o ABSOLUTE
    ..\\..\\libraries\\STM32F4xx_StdPeriph_Driver\\src\\stm32f4xx_spdifrx.c 0x00000000   Number         0  stm32f4xx_spdifrx.o ABSOLUTE
    ..\\..\\libraries\\STM32F4xx_StdPeriph_Driver\\src\\stm32f4xx_spi.c 0x00000000   Number         0  stm32f4xx_spi.o ABSOLUTE
    ..\\..\\libraries\\STM32F4xx_StdPeriph_Driver\\src\\stm32f4xx_syscfg.c 0x00000000   Number         0  stm32f4xx_syscfg.o ABSOLUTE
    ..\\..\\libraries\\STM32F4xx_StdPeriph_Driver\\src\\stm32f4xx_tim.c 0x00000000   Number         0  stm32f4xx_tim.o ABSOLUTE
    ..\\..\\libraries\\STM32F4xx_StdPeriph_Driver\\src\\stm32f4xx_usart.c 0x00000000   Number         0  stm32f4xx_usart.o ABSOLUTE
    ..\\..\\libraries\\STM32F4xx_StdPeriph_Driver\\src\\stm32f4xx_wwdg.c 0x00000000   Number         0  stm32f4xx_wwdg.o ABSOLUTE
    ..\\..\\module\\stm32f4xx_it.c           0x00000000   Number         0  stm32f4xx_it.o ABSOLUTE
    D:/software/keilc51/ARM/PACK/RealThread/RT-Thread/3.1.5/libcpu/arm/cortex-m4/context_rvds.S 0x00000000   Number         0  context_rvds.o ABSOLUTE
    D:/software/keilc51/ARM/PACK/RealThread/RT-Thread/3.1.5/libcpu/arm/cortex-m4/cpuport.c 0x00000000   Number         0  cpuport.o ABSOLUTE
    D:/software/keilc51/ARM/PACK/RealThread/RT-Thread/3.1.5/src/clock.c 0x00000000   Number         0  clock.o ABSOLUTE
    D:/software/keilc51/ARM/PACK/RealThread/RT-Thread/3.1.5/src/components.c 0x00000000   Number         0  components.o ABSOLUTE
    D:/software/keilc51/ARM/PACK/RealThread/RT-Thread/3.1.5/src/idle.c 0x00000000   Number         0  idle.o ABSOLUTE
    D:/software/keilc51/ARM/PACK/RealThread/RT-Thread/3.1.5/src/ipc.c 0x00000000   Number         0  ipc.o ABSOLUTE
    D:/software/keilc51/ARM/PACK/RealThread/RT-Thread/3.1.5/src/irq.c 0x00000000   Number         0  irq.o ABSOLUTE
    D:/software/keilc51/ARM/PACK/RealThread/RT-Thread/3.1.5/src/kservice.c 0x00000000   Number         0  kservice.o ABSOLUTE
    D:/software/keilc51/ARM/PACK/RealThread/RT-Thread/3.1.5/src/mem.c 0x00000000   Number         0  mem.o ABSOLUTE
    D:/software/keilc51/ARM/PACK/RealThread/RT-Thread/3.1.5/src/mempool.c 0x00000000   Number         0  mempool.o ABSOLUTE
    D:/software/keilc51/ARM/PACK/RealThread/RT-Thread/3.1.5/src/object.c 0x00000000   Number         0  object.o ABSOLUTE
    D:/software/keilc51/ARM/PACK/RealThread/RT-Thread/3.1.5/src/scheduler.c 0x00000000   Number         0  scheduler.o ABSOLUTE
    D:/software/keilc51/ARM/PACK/RealThread/RT-Thread/3.1.5/src/thread.c 0x00000000   Number         0  thread.o ABSOLUTE
    D:/software/keilc51/ARM/PACK/RealThread/RT-Thread/3.1.5/src/timer.c 0x00000000   Number         0  timer.o ABSOLUTE
    RTE/RTOS/board.c                         0x00000000   Number         0  board_1.o ABSOLUTE
    RTE\RTOS\board.c                         0x00000000   Number         0  board_1.o ABSOLUTE
    dc.s                                     0x00000000   Number         0  dc.o ABSOLUTE
    handlers.s                               0x00000000   Number         0  handlers.o ABSOLUTE
    init.s                                   0x00000000   Number         0  init.o ABSOLUTE
    RESET                                    0x08000000   Section      392  startup_stm32f40xx.o(RESET)
    .ARM.Collect$$$$00000000                 0x08000188   Section        0  entry.o(.ARM.Collect$$$$00000000)
    .ARM.Collect$$$$00000001                 0x08000188   Section        4  entry2.o(.ARM.Collect$$$$00000001)
    .ARM.Collect$$$$00000004                 0x0800018c   Section        4  entry5.o(.ARM.Collect$$$$00000004)
    .ARM.Collect$$$$00000008                 0x08000190   Section        0  entry7b.o(.ARM.Collect$$$$00000008)
    .ARM.Collect$$$$0000000A                 0x08000190   Section        0  entry8b.o(.ARM.Collect$$$$0000000A)
    .ARM.Collect$$$$0000000B                 0x08000190   Section        8  entry9a.o(.ARM.Collect$$$$0000000B)
    .ARM.Collect$$$$0000000D                 0x08000198   Section        0  entry10a.o(.ARM.Collect$$$$0000000D)
    .ARM.Collect$$$$0000000F                 0x08000198   Section        0  entry11a.o(.ARM.Collect$$$$0000000F)
    .ARM.Collect$$$$00002712                 0x08000198   Section        4  entry2.o(.ARM.Collect$$$$00002712)
    __lit__00000000                          0x08000198   Data           4  entry2.o(.ARM.Collect$$$$00002712)
    .text                                    0x0800019c   Section       36  startup_stm32f40xx.o(.text)
    $v0                                      0x0800019c   Number         0  startup_stm32f40xx.o(.text)
    .text                                    0x080001c0   Section      308  context_rvds.o(.text)
    $v0                                      0x080001c0   Number         0  context_rvds.o(.text)
    .text                                    0x080002f4   Section       36  init.o(.text)
    i.$Sub$$main                             0x08000318   Section        0  components.o(i.$Sub$$main)
    i.BusFault_Handler                       0x08000322   Section        0  stm32f4xx_it.o(i.BusFault_Handler)
    i.DebugMon_Handler                       0x08000326   Section        0  stm32f4xx_it.o(i.DebugMon_Handler)
    i.GPIO_Init                              0x08000328   Section        0  stm32f4xx_gpio.o(i.GPIO_Init)
    i.GPIO_PinAFConfig                       0x080003b8   Section        0  stm32f4xx_gpio.o(i.GPIO_PinAFConfig)
    i.GPIO_ResetBits                         0x080003fe   Section        0  stm32f4xx_gpio.o(i.GPIO_ResetBits)
    i.GPIO_SetBits                           0x08000404   Section        0  stm32f4xx_gpio.o(i.GPIO_SetBits)
    i.GPIO_StructInit                        0x08000408   Section        0  stm32f4xx_gpio.o(i.GPIO_StructInit)
    i.MemManage_Handler                      0x0800041a   Section        0  stm32f4xx_it.o(i.MemManage_Handler)
    i.NMI_Handler                            0x0800041e   Section        0  stm32f4xx_it.o(i.NMI_Handler)
    i.NVIC_Init                              0x08000420   Section        0  misc.o(i.NVIC_Init)
    i.RCC_AHB1PeriphClockCmd                 0x08000498   Section        0  stm32f4xx_rcc.o(i.RCC_AHB1PeriphClockCmd)
    i.RCC_APB1PeriphResetCmd                 0x080004b8   Section        0  stm32f4xx_rcc.o(i.RCC_APB1PeriphResetCmd)
    i.RCC_APB2PeriphClockCmd                 0x080004d8   Section        0  stm32f4xx_rcc.o(i.RCC_APB2PeriphClockCmd)
    i.RCC_APB2PeriphResetCmd                 0x080004f8   Section        0  stm32f4xx_rcc.o(i.RCC_APB2PeriphResetCmd)
    i.RCC_GetClocksFreq                      0x08000518   Section        0  stm32f4xx_rcc.o(i.RCC_GetClocksFreq)
    i.SVC_Handler                            0x08000600   Section        0  stm32f4xx_it.o(i.SVC_Handler)
    i.SetSysClock                            0x08000604   Section        0  system_stm32f4xx.o(i.SetSysClock)
    SetSysClock                              0x08000605   Thumb Code   220  system_stm32f4xx.o(i.SetSysClock)
    i.SysTick_CLKSourceConfig                0x080006f0   Section        0  misc.o(i.SysTick_CLKSourceConfig)
    i.SysTick_Handler                        0x08000718   Section        0  board_1.o(i.SysTick_Handler)
    i.SystemInit                             0x08000728   Section        0  system_stm32f4xx.o(i.SystemInit)
    i.USART1_IRQHandler                      0x08000790   Section        0  bsp_uart.o(i.USART1_IRQHandler)
    i.USART_ClearFlag                        0x080007b0   Section        0  stm32f4xx_usart.o(i.USART_ClearFlag)
    i.USART_ClearITPendingBit                0x080007c2   Section        0  stm32f4xx_usart.o(i.USART_ClearITPendingBit)
    i.USART_Cmd                              0x080007e0   Section        0  stm32f4xx_usart.o(i.USART_Cmd)
    i.USART_DeInit                           0x080007f8   Section        0  stm32f4xx_usart.o(i.USART_DeInit)
    i.USART_GetITStatus                      0x080008e8   Section        0  stm32f4xx_usart.o(i.USART_GetITStatus)
    i.USART_ITConfig                         0x0800093c   Section        0  stm32f4xx_usart.o(i.USART_ITConfig)
    i.USART_Init                             0x08000988   Section        0  stm32f4xx_usart.o(i.USART_Init)
    i.USART_StructInit                       0x08000a5c   Section        0  stm32f4xx_usart.o(i.USART_StructInit)
    i.UsageFault_Handler                     0x08000a74   Section        0  stm32f4xx_it.o(i.UsageFault_Handler)
    i.__rt_ffs                               0x08000a78   Section        0  kservice.o(i.__rt_ffs)
    i.__scatterload_copy                     0x08000ac4   Section       14  handlers.o(i.__scatterload_copy)
    i.__scatterload_null                     0x08000ad2   Section        2  handlers.o(i.__scatterload_null)
    i.__scatterload_zeroinit                 0x08000ad4   Section       14  handlers.o(i.__scatterload_zeroinit)
    i._rt_thread_init                        0x08000ae4   Section        0  thread.o(i._rt_thread_init)
    _rt_thread_init                          0x08000ae5   Thumb Code   124  thread.o(i._rt_thread_init)
    i._rt_timer_init                         0x08000b68   Section        0  timer.o(i._rt_timer_init)
    _rt_timer_init                           0x08000b69   Thumb Code    66  timer.o(i._rt_timer_init)
    i._rt_timer_remove                       0x08000baa   Section        0  timer.o(i._rt_timer_remove)
    _rt_timer_remove                         0x08000bab   Thumb Code    28  timer.o(i._rt_timer_remove)
    i._thread_cleanup_execute                0x08000bc6   Section        0  thread.o(i._thread_cleanup_execute)
    _thread_cleanup_execute                  0x08000bc7   Thumb Code    28  thread.o(i._thread_cleanup_execute)
    i.board_init                             0x08000be4   Section        0  board.o(i.board_init)
    i.main                                   0x08000c10   Section        0  main.o(i.main)
    i.main_thread_entry                      0x08000c8c   Section        0  components.o(i.main_thread_entry)
    i.plug_holes                             0x08000c9c   Section        0  mem.o(i.plug_holes)
    plug_holes                               0x08000c9d   Thumb Code   108  mem.o(i.plug_holes)
    i.rt_application_init                    0x08000d14   Section        0  components.o(i.rt_application_init)
    i.rt_components_board_init               0x08000d44   Section        0  components.o(i.rt_components_board_init)
    i.rt_components_init                     0x08000d60   Section        0  components.o(i.rt_components_init)
    i.rt_enter_critical                      0x08000d7c   Section        0  scheduler.o(i.rt_enter_critical)
    i.rt_exit_critical                       0x08000d9c   Section        0  scheduler.o(i.rt_exit_critical)
    i.rt_free                                0x08000de0   Section        0  mem.o(i.rt_free)
    i.rt_heap_begin_get                      0x08000e58   Section        0  board_1.o(i.rt_heap_begin_get)
    i.rt_heap_end_get                        0x08000e60   Section        0  board_1.o(i.rt_heap_end_get)
    i.rt_hw_board_init                       0x08000e68   Section        0  board_1.o(i.rt_hw_board_init)
    i.rt_hw_hard_fault_exception             0x08000edc   Section        0  cpuport.o(i.rt_hw_hard_fault_exception)
    i.rt_hw_stack_init                       0x08000f08   Section        0  cpuport.o(i.rt_hw_stack_init)
    i.rt_interrupt_enter                     0x08000f58   Section        0  irq.o(i.rt_interrupt_enter)
    i.rt_interrupt_leave                     0x08000f78   Section        0  irq.o(i.rt_interrupt_leave)
    i.rt_ipc_list_resume                     0x08000f98   Section        0  ipc.o(i.rt_ipc_list_resume)
    rt_ipc_list_resume                       0x08000f99   Thumb Code    20  ipc.o(i.rt_ipc_list_resume)
    i.rt_ipc_list_suspend                    0x08000fac   Section        0  ipc.o(i.rt_ipc_list_suspend)
    rt_ipc_list_suspend                      0x08000fad   Thumb Code   110  ipc.o(i.rt_ipc_list_suspend)
    i.rt_ipc_object_init                     0x0800101a   Section        0  ipc.o(i.rt_ipc_object_init)
    rt_ipc_object_init                       0x0800101b   Thumb Code    16  ipc.o(i.rt_ipc_object_init)
    i.rt_list_init                           0x0800102a   Section        0  ipc.o(i.rt_list_init)
    rt_list_init                             0x0800102b   Thumb Code     6  ipc.o(i.rt_list_init)
    i.rt_list_init                           0x08001030   Section        0  scheduler.o(i.rt_list_init)
    rt_list_init                             0x08001031   Thumb Code     6  scheduler.o(i.rt_list_init)
    i.rt_list_init                           0x08001036   Section        0  timer.o(i.rt_list_init)
    rt_list_init                             0x08001037   Thumb Code     6  timer.o(i.rt_list_init)
    i.rt_list_insert_after                   0x0800103c   Section        0  object.o(i.rt_list_insert_after)
    rt_list_insert_after                     0x0800103d   Thumb Code    14  object.o(i.rt_list_insert_after)
    i.rt_list_insert_after                   0x0800104a   Section        0  thread.o(i.rt_list_insert_after)
    rt_list_insert_after                     0x0800104b   Thumb Code    14  thread.o(i.rt_list_insert_after)
    i.rt_list_insert_after                   0x08001058   Section        0  timer.o(i.rt_list_insert_after)
    rt_list_insert_after                     0x08001059   Thumb Code    14  timer.o(i.rt_list_insert_after)
    i.rt_list_insert_before                  0x08001066   Section        0  ipc.o(i.rt_list_insert_before)
    rt_list_insert_before                    0x08001067   Thumb Code    14  ipc.o(i.rt_list_insert_before)
    i.rt_list_isempty                        0x08001074   Section        0  ipc.o(i.rt_list_isempty)
    rt_list_isempty                          0x08001075   Thumb Code    16  ipc.o(i.rt_list_isempty)
    i.rt_list_isempty                        0x08001084   Section        0  timer.o(i.rt_list_isempty)
    rt_list_isempty                          0x08001085   Thumb Code    16  timer.o(i.rt_list_isempty)
    i.rt_list_remove                         0x08001094   Section        0  object.o(i.rt_list_remove)
    rt_list_remove                           0x08001095   Thumb Code    18  object.o(i.rt_list_remove)
    i.rt_list_remove                         0x080010a6   Section        0  thread.o(i.rt_list_remove)
    rt_list_remove                           0x080010a7   Thumb Code    18  thread.o(i.rt_list_remove)
    i.rt_list_remove                         0x080010b8   Section        0  timer.o(i.rt_list_remove)
    rt_list_remove                           0x080010b9   Thumb Code    18  timer.o(i.rt_list_remove)
    i.rt_malloc                              0x080010cc   Section        0  mem.o(i.rt_malloc)
    i.rt_memset                              0x08001238   Section        0  kservice.o(i.rt_memset)
    i.rt_object_allocate                     0x08001280   Section        0  object.o(i.rt_object_allocate)
    i.rt_object_delete                       0x080012d4   Section        0  object.o(i.rt_object_delete)
    i.rt_object_detach                       0x080012f8   Section        0  object.o(i.rt_object_detach)
    i.rt_object_get_information              0x08001318   Section        0  object.o(i.rt_object_get_information)
    i.rt_object_init                         0x08001340   Section        0  object.o(i.rt_object_init)
    i.rt_object_is_systemobject              0x08001396   Section        0  object.o(i.rt_object_is_systemobject)
    i.rt_schedule                            0x080013a8   Section        0  scheduler.o(i.rt_schedule)
    i.rt_schedule_insert_thread              0x0800142c   Section        0  scheduler.o(i.rt_schedule_insert_thread)
    i.rt_schedule_remove_thread              0x0800147c   Section        0  scheduler.o(i.rt_schedule_remove_thread)
    i.rt_sem_init                            0x080014d0   Section        0  ipc.o(i.rt_sem_init)
    i.rt_sem_release                         0x080014f6   Section        0  ipc.o(i.rt_sem_release)
    i.rt_sem_take                            0x08001548   Section        0  ipc.o(i.rt_sem_take)
    i.rt_show_version                        0x080015bc   Section        0  kservice.o(i.rt_show_version)
    i.rt_strncpy                             0x080015be   Section        0  kservice.o(i.rt_strncpy)
    i.rt_system_heap_init                    0x080015f4   Section        0  mem.o(i.rt_system_heap_init)
    i.rt_system_scheduler_init               0x080016a4   Section        0  scheduler.o(i.rt_system_scheduler_init)
    i.rt_system_scheduler_start              0x080016f0   Section        0  scheduler.o(i.rt_system_scheduler_start)
    i.rt_system_timer_init                   0x08001720   Section        0  timer.o(i.rt_system_timer_init)
    i.rt_system_timer_thread_init            0x0800173c   Section        0  timer.o(i.rt_system_timer_thread_init)
    i.rt_thread_create                       0x0800173e   Section        0  thread.o(i.rt_thread_create)
    i.rt_thread_delay                        0x0800178e   Section        0  thread.o(i.rt_thread_delay)
    i.rt_thread_exit                         0x0800179c   Section        0  thread.o(i.rt_thread_exit)
    i.rt_thread_idle_entry                   0x080017f4   Section        0  idle.o(i.rt_thread_idle_entry)
    rt_thread_idle_entry                     0x080017f5   Thumb Code     8  idle.o(i.rt_thread_idle_entry)
    i.rt_thread_idle_excute                  0x080017fc   Section        0  idle.o(i.rt_thread_idle_excute)
    i.rt_thread_idle_init                    0x0800185c   Section        0  idle.o(i.rt_thread_idle_init)
    i.rt_thread_init                         0x08001898   Section        0  thread.o(i.rt_thread_init)
    i.rt_thread_resume                       0x080018cc   Section        0  thread.o(i.rt_thread_resume)
    i.rt_thread_self                         0x08001908   Section        0  thread.o(i.rt_thread_self)
    i.rt_thread_sleep                        0x08001914   Section        0  thread.o(i.rt_thread_sleep)
    i.rt_thread_startup                      0x08001958   Section        0  thread.o(i.rt_thread_startup)
    i.rt_thread_suspend                      0x08001984   Section        0  thread.o(i.rt_thread_suspend)
    i.rt_thread_timeout                      0x080019c8   Section        0  thread.o(i.rt_thread_timeout)
    i.rt_thread_yield                        0x080019e8   Section        0  thread.o(i.rt_thread_yield)
    i.rt_tick_get                            0x08001a4c   Section        0  clock.o(i.rt_tick_get)
    i.rt_tick_increase                       0x08001a58   Section        0  clock.o(i.rt_tick_increase)
    i.rt_timer_check                         0x08001a88   Section        0  timer.o(i.rt_timer_check)
    i.rt_timer_control                       0x08001b2c   Section        0  timer.o(i.rt_timer_control)
    i.rt_timer_detach                        0x08001b8e   Section        0  timer.o(i.rt_timer_detach)
    i.rt_timer_init                          0x08001bb6   Section        0  timer.o(i.rt_timer_init)
    i.rt_timer_start                         0x08001be4   Section        0  timer.o(i.rt_timer_start)
    i.rt_timer_stop                          0x08001cd0   Section        0  timer.o(i.rt_timer_stop)
    i.rti_board_end                          0x08001d00   Section        0  components.o(i.rti_board_end)
    rti_board_end                            0x08001d01   Thumb Code     4  components.o(i.rti_board_end)
    i.rti_board_start                        0x08001d04   Section        0  components.o(i.rti_board_start)
    rti_board_start                          0x08001d05   Thumb Code     4  components.o(i.rti_board_start)
    i.rti_end                                0x08001d08   Section        0  components.o(i.rti_end)
    rti_end                                  0x08001d09   Thumb Code     4  components.o(i.rti_end)
    i.rti_start                              0x08001d0c   Section        0  components.o(i.rti_start)
    rti_start                                0x08001d0d   Thumb Code     4  components.o(i.rti_start)
    i.rtthread_startup                       0x08001d10   Section        0  components.o(i.rtthread_startup)
    i.thread01_entry                         0x08001d3c   Section        0  main.o(i.thread01_entry)
    i.uart1_init                             0x08001d64   Section        0  bsp_uart.o(i.uart1_init)
    .constdata                               0x08001e5c   Section      290  kservice.o(.constdata)
    small_digits                             0x08001f5c   Data          17  kservice.o(.constdata)
    large_digits                             0x08001f6d   Data          17  kservice.o(.constdata)
    .rti_fn.0                                0x08001f80   Section        4  components.o(.rti_fn.0)
    __tagsym$$used                           0x08001f80   Number         0  components.o(.rti_fn.0)
    .rti_fn.0.end                            0x08001f84   Section        4  components.o(.rti_fn.0.end)
    __tagsym$$used                           0x08001f84   Number         0  components.o(.rti_fn.0.end)
    .rti_fn.1.end                            0x08001f88   Section        4  components.o(.rti_fn.1.end)
    __tagsym$$used                           0x08001f88   Number         0  components.o(.rti_fn.1.end)
    .rti_fn.6.end                            0x08001f8c   Section        4  components.o(.rti_fn.6.end)
    __tagsym$$used                           0x08001f8c   Number         0  components.o(.rti_fn.6.end)
    .data                                    0x20000000   Section       20  system_stm32f4xx.o(.data)
    .data                                    0x20000014   Section        4  main.o(.data)
    thread01                                 0x20000014   Data           4  main.o(.data)
    .data                                    0x20000018   Section       16  stm32f4xx_rcc.o(.data)
    APBAHBPrescTable                         0x20000018   Data          16  stm32f4xx_rcc.o(.data)
    .data                                    0x20000028   Section       16  cpuport.o(.data)
    rt_exception_hook                        0x20000034   Data           4  cpuport.o(.data)
    .data                                    0x20000038   Section        4  clock.o(.data)
    rt_tick                                  0x20000038   Data           4  clock.o(.data)
    .data                                    0x2000003c   Section        1  irq.o(.data)
    .data                                    0x20000040   Section       24  mem.o(.data)
    heap_ptr                                 0x20000040   Data           4  mem.o(.data)
    heap_end                                 0x20000044   Data           4  mem.o(.data)
    lfree                                    0x20000048   Data           4  mem.o(.data)
    mem_size_aligned                         0x2000004c   Data           4  mem.o(.data)
    used_mem                                 0x20000050   Data           4  mem.o(.data)
    max_mem                                  0x20000054   Data           4  mem.o(.data)
    .data                                    0x20000058   Section       64  object.o(.data)
    rt_object_container                      0x20000058   Data          64  object.o(.data)
    .data                                    0x20000098   Section       24  scheduler.o(.data)
    rt_scheduler_lock_nest                   0x2000009c   Data           2  scheduler.o(.data)
    .data                                    0x200000b0   Section       12  timer.o(.data)
    rt_timer_list                            0x200000b0   Data           8  timer.o(.data)
    random_nr                                0x200000b8   Data           4  timer.o(.data)
    .bss                                     0x200000bc   Section      376  idle.o(.bss)
    idle                                     0x200000bc   Data         120  idle.o(.bss)
    rt_thread_stack                          0x20000134   Data         256  idle.o(.bss)
    .bss                                     0x20000234   Section       32  mem.o(.bss)
    heap_sem                                 0x20000234   Data          32  mem.o(.bss)
    .bss                                     0x20000254   Section      256  scheduler.o(.bss)
    .bss                                     0x20000354   Section    15360  board_1.o(.bss)
    rt_heap                                  0x20000354   Data       15360  board_1.o(.bss)
    STACK                                    0x20003f58   Section     1024  startup_stm32f40xx.o(STACK)

    Global Symbols

    Symbol Name                              Value     Ov Type        Size  Object(Section)

    BuildAttributes$$THM_ISAv4$E$P$D$K$B$S$7EM$VFPi3$EXTD16$VFPS$VFMA$PE$A:L22UL41UL21$X:L11$S22US41US21$IEEE1$IW$USESV6$~STKCKD$USESV7$~SHL$OSPACE$EBA8$MICROLIB$REQ8$PRES8$EABIv2 0x00000000   Number         0  anon$$obj.o ABSOLUTE
    __ARM_use_no_argv                        0x00000000   Number         0  main.o ABSOLUTE
    __cpp_initialize__aeabi_                  - Undefined Weak Reference
    __cxa_finalize                            - Undefined Weak Reference
    __decompress                              - Undefined Weak Reference
    _clock_init                               - Undefined Weak Reference
    _microlib_exit                            - Undefined Weak Reference
    __Vectors_Size                           0x00000188   Number         0  startup_stm32f40xx.o ABSOLUTE
    __Vectors                                0x08000000   Data           4  startup_stm32f40xx.o(RESET)
    __Vectors_End                            0x08000188   Data           0  startup_stm32f40xx.o(RESET)
    __main                                   0x08000189   Thumb Code     0  entry.o(.ARM.Collect$$$$00000000)
    _main_stk                                0x08000189   Thumb Code     0  entry2.o(.ARM.Collect$$$$00000001)
    _main_scatterload                        0x0800018d   Thumb Code     0  entry5.o(.ARM.Collect$$$$00000004)
    __main_after_scatterload                 0x08000191   Thumb Code     0  entry5.o(.ARM.Collect$$$$00000004)
    _main_clock                              0x08000191   Thumb Code     0  entry7b.o(.ARM.Collect$$$$00000008)
    _main_cpp_init                           0x08000191   Thumb Code     0  entry8b.o(.ARM.Collect$$$$0000000A)
    _main_init                               0x08000191   Thumb Code     0  entry9a.o(.ARM.Collect$$$$0000000B)
    __rt_final_cpp                           0x08000199   Thumb Code     0  entry10a.o(.ARM.Collect$$$$0000000D)
    __rt_final_exit                          0x08000199   Thumb Code     0  entry11a.o(.ARM.Collect$$$$0000000F)
    Reset_Handler                            0x0800019d   Thumb Code     8  startup_stm32f40xx.o(.text)
    ADC_IRQHandler                           0x080001b7   Thumb Code     0  startup_stm32f40xx.o(.text)
    CAN1_RX0_IRQHandler                      0x080001b7   Thumb Code     0  startup_stm32f40xx.o(.text)
    CAN1_RX1_IRQHandler                      0x080001b7   Thumb Code     0  startup_stm32f40xx.o(.text)
    CAN1_SCE_IRQHandler                      0x080001b7   Thumb Code     0  startup_stm32f40xx.o(.text)
    CAN1_TX_IRQHandler                       0x080001b7   Thumb Code     0  startup_stm32f40xx.o(.text)
    CAN2_RX0_IRQHandler                      0x080001b7   Thumb Code     0  startup_stm32f40xx.o(.text)
    CAN2_RX1_IRQHandler                      0x080001b7   Thumb Code     0  startup_stm32f40xx.o(.text)
    CAN2_SCE_IRQHandler                      0x080001b7   Thumb Code     0  startup_stm32f40xx.o(.text)
    CAN2_TX_IRQHandler                       0x080001b7   Thumb Code     0  startup_stm32f40xx.o(.text)
    CRYP_IRQHandler                          0x080001b7   Thumb Code     0  startup_stm32f40xx.o(.text)
    DCMI_IRQHandler                          0x080001b7   Thumb Code     0  startup_stm32f40xx.o(.text)
    DMA1_Stream0_IRQHandler                  0x080001b7   Thumb Code     0  startup_stm32f40xx.o(.text)
    DMA1_Stream1_IRQHandler                  0x080001b7   Thumb Code     0  startup_stm32f40xx.o(.text)
    DMA1_Stream2_IRQHandler                  0x080001b7   Thumb Code     0  startup_stm32f40xx.o(.text)
    DMA1_Stream3_IRQHandler                  0x080001b7   Thumb Code     0  startup_stm32f40xx.o(.text)
    DMA1_Stream4_IRQHandler                  0x080001b7   Thumb Code     0  startup_stm32f40xx.o(.text)
    DMA1_Stream5_IRQHandler                  0x080001b7   Thumb Code     0  startup_stm32f40xx.o(.text)
    DMA1_Stream6_IRQHandler                  0x080001b7   Thumb Code     0  startup_stm32f40xx.o(.text)
    DMA1_Stream7_IRQHandler                  0x080001b7   Thumb Code     0  startup_stm32f40xx.o(.text)
    DMA2_Stream0_IRQHandler                  0x080001b7   Thumb Code     0  startup_stm32f40xx.o(.text)
    DMA2_Stream1_IRQHandler                  0x080001b7   Thumb Code     0  startup_stm32f40xx.o(.text)
    DMA2_Stream2_IRQHandler                  0x080001b7   Thumb Code     0  startup_stm32f40xx.o(.text)
    DMA2_Stream3_IRQHandler                  0x080001b7   Thumb Code     0  startup_stm32f40xx.o(.text)
    DMA2_Stream4_IRQHandler                  0x080001b7   Thumb Code     0  startup_stm32f40xx.o(.text)
    DMA2_Stream5_IRQHandler                  0x080001b7   Thumb Code     0  startup_stm32f40xx.o(.text)
    DMA2_Stream6_IRQHandler                  0x080001b7   Thumb Code     0  startup_stm32f40xx.o(.text)
    DMA2_Stream7_IRQHandler                  0x080001b7   Thumb Code     0  startup_stm32f40xx.o(.text)
    ETH_IRQHandler                           0x080001b7   Thumb Code     0  startup_stm32f40xx.o(.text)
    ETH_WKUP_IRQHandler                      0x080001b7   Thumb Code     0  startup_stm32f40xx.o(.text)
    EXTI0_IRQHandler                         0x080001b7   Thumb Code     0  startup_stm32f40xx.o(.text)
    EXTI15_10_IRQHandler                     0x080001b7   Thumb Code     0  startup_stm32f40xx.o(.text)
    EXTI1_IRQHandler                         0x080001b7   Thumb Code     0  startup_stm32f40xx.o(.text)
    EXTI2_IRQHandler                         0x080001b7   Thumb Code     0  startup_stm32f40xx.o(.text)
    EXTI3_IRQHandler                         0x080001b7   Thumb Code     0  startup_stm32f40xx.o(.text)
    EXTI4_IRQHandler                         0x080001b7   Thumb Code     0  startup_stm32f40xx.o(.text)
    EXTI9_5_IRQHandler                       0x080001b7   Thumb Code     0  startup_stm32f40xx.o(.text)
    FLASH_IRQHandler                         0x080001b7   Thumb Code     0  startup_stm32f40xx.o(.text)
    FPU_IRQHandler                           0x080001b7   Thumb Code     0  startup_stm32f40xx.o(.text)
    FSMC_IRQHandler                          0x080001b7   Thumb Code     0  startup_stm32f40xx.o(.text)
    HASH_RNG_IRQHandler                      0x080001b7   Thumb Code     0  startup_stm32f40xx.o(.text)
    I2C1_ER_IRQHandler                       0x080001b7   Thumb Code     0  startup_stm32f40xx.o(.text)
    I2C1_EV_IRQHandler                       0x080001b7   Thumb Code     0  startup_stm32f40xx.o(.text)
    I2C2_ER_IRQHandler                       0x080001b7   Thumb Code     0  startup_stm32f40xx.o(.text)
    I2C2_EV_IRQHandler                       0x080001b7   Thumb Code     0  startup_stm32f40xx.o(.text)
    I2C3_ER_IRQHandler                       0x080001b7   Thumb Code     0  startup_stm32f40xx.o(.text)
    I2C3_EV_IRQHandler                       0x080001b7   Thumb Code     0  startup_stm32f40xx.o(.text)
    OTG_FS_IRQHandler                        0x080001b7   Thumb Code     0  startup_stm32f40xx.o(.text)
    OTG_FS_WKUP_IRQHandler                   0x080001b7   Thumb Code     0  startup_stm32f40xx.o(.text)
    OTG_HS_EP1_IN_IRQHandler                 0x080001b7   Thumb Code     0  startup_stm32f40xx.o(.text)
    OTG_HS_EP1_OUT_IRQHandler                0x080001b7   Thumb Code     0  startup_stm32f40xx.o(.text)
    OTG_HS_IRQHandler                        0x080001b7   Thumb Code     0  startup_stm32f40xx.o(.text)
    OTG_HS_WKUP_IRQHandler                   0x080001b7   Thumb Code     0  startup_stm32f40xx.o(.text)
    PVD_IRQHandler                           0x080001b7   Thumb Code     0  startup_stm32f40xx.o(.text)
    RCC_IRQHandler                           0x080001b7   Thumb Code     0  startup_stm32f40xx.o(.text)
    RTC_Alarm_IRQHandler                     0x080001b7   Thumb Code     0  startup_stm32f40xx.o(.text)
    RTC_WKUP_IRQHandler                      0x080001b7   Thumb Code     0  startup_stm32f40xx.o(.text)
    SDIO_IRQHandler                          0x080001b7   Thumb Code     0  startup_stm32f40xx.o(.text)
    SPI1_IRQHandler                          0x080001b7   Thumb Code     0  startup_stm32f40xx.o(.text)
    SPI2_IRQHandler                          0x080001b7   Thumb Code     0  startup_stm32f40xx.o(.text)
    SPI3_IRQHandler                          0x080001b7   Thumb Code     0  startup_stm32f40xx.o(.text)
    TAMP_STAMP_IRQHandler                    0x080001b7   Thumb Code     0  startup_stm32f40xx.o(.text)
    TIM1_BRK_TIM9_IRQHandler                 0x080001b7   Thumb Code     0  startup_stm32f40xx.o(.text)
    TIM1_CC_IRQHandler                       0x080001b7   Thumb Code     0  startup_stm32f40xx.o(.text)
    TIM1_TRG_COM_TIM11_IRQHandler            0x080001b7   Thumb Code     0  startup_stm32f40xx.o(.text)
    TIM1_UP_TIM10_IRQHandler                 0x080001b7   Thumb Code     0  startup_stm32f40xx.o(.text)
    TIM2_IRQHandler                          0x080001b7   Thumb Code     0  startup_stm32f40xx.o(.text)
    TIM3_IRQHandler                          0x080001b7   Thumb Code     0  startup_stm32f40xx.o(.text)
    TIM4_IRQHandler                          0x080001b7   Thumb Code     0  startup_stm32f40xx.o(.text)
    TIM5_IRQHandler                          0x080001b7   Thumb Code     0  startup_stm32f40xx.o(.text)
    TIM6_DAC_IRQHandler                      0x080001b7   Thumb Code     0  startup_stm32f40xx.o(.text)
    TIM7_IRQHandler                          0x080001b7   Thumb Code     0  startup_stm32f40xx.o(.text)
    TIM8_BRK_TIM12_IRQHandler                0x080001b7   Thumb Code     0  startup_stm32f40xx.o(.text)
    TIM8_CC_IRQHandler                       0x080001b7   Thumb Code     0  startup_stm32f40xx.o(.text)
    TIM8_TRG_COM_TIM14_IRQHandler            0x080001b7   Thumb Code     0  startup_stm32f40xx.o(.text)
    TIM8_UP_TIM13_IRQHandler                 0x080001b7   Thumb Code     0  startup_stm32f40xx.o(.text)
    UART4_IRQHandler                         0x080001b7   Thumb Code     0  startup_stm32f40xx.o(.text)
    UART5_IRQHandler                         0x080001b7   Thumb Code     0  startup_stm32f40xx.o(.text)
    USART2_IRQHandler                        0x080001b7   Thumb Code     0  startup_stm32f40xx.o(.text)
    USART3_IRQHandler                        0x080001b7   Thumb Code     0  startup_stm32f40xx.o(.text)
    USART6_IRQHandler                        0x080001b7   Thumb Code     0  startup_stm32f40xx.o(.text)
    WWDG_IRQHandler                          0x080001b7   Thumb Code     0  startup_stm32f40xx.o(.text)
    rt_hw_interrupt_disable                  0x080001c1   Thumb Code     8  context_rvds.o(.text)
    rt_hw_interrupt_enable                   0x080001c9   Thumb Code     6  context_rvds.o(.text)
    rt_hw_context_switch                     0x080001cf   Thumb Code    32  context_rvds.o(.text)
    rt_hw_context_switch_interrupt           0x080001cf   Thumb Code     0  context_rvds.o(.text)
    PendSV_Handler                           0x080001ef   Thumb Code   108  context_rvds.o(.text)
    rt_hw_context_switch_to                  0x0800025b   Thumb Code    68  context_rvds.o(.text)
    rt_hw_interrupt_thread_switch            0x0800029f   Thumb Code     2  context_rvds.o(.text)
    HardFault_Handler                        0x080002a1   Thumb Code    56  context_rvds.o(.text)
    __scatterload                            0x080002f5   Thumb Code    28  init.o(.text)
    __scatterload_rt2                        0x080002f5   Thumb Code     0  init.o(.text)
    main                                     0x08000319   Thumb Code    10  components.o(i.$Sub$$main)
    BusFault_Handler                         0x08000323   Thumb Code     4  stm32f4xx_it.o(i.BusFault_Handler)
    DebugMon_Handler                         0x08000327   Thumb Code     2  stm32f4xx_it.o(i.DebugMon_Handler)
    GPIO_Init                                0x08000329   Thumb Code   144  stm32f4xx_gpio.o(i.GPIO_Init)
    GPIO_PinAFConfig                         0x080003b9   Thumb Code    70  stm32f4xx_gpio.o(i.GPIO_PinAFConfig)
    GPIO_ResetBits                           0x080003ff   Thumb Code     6  stm32f4xx_gpio.o(i.GPIO_ResetBits)
    GPIO_SetBits                             0x08000405   Thumb Code     4  stm32f4xx_gpio.o(i.GPIO_SetBits)
    GPIO_StructInit                          0x08000409   Thumb Code    18  stm32f4xx_gpio.o(i.GPIO_StructInit)
    MemManage_Handler                        0x0800041b   Thumb Code     4  stm32f4xx_it.o(i.MemManage_Handler)
    NMI_Handler                              0x0800041f   Thumb Code     2  stm32f4xx_it.o(i.NMI_Handler)
    NVIC_Init                                0x08000421   Thumb Code   106  misc.o(i.NVIC_Init)
    RCC_AHB1PeriphClockCmd                   0x08000499   Thumb Code    26  stm32f4xx_rcc.o(i.RCC_AHB1PeriphClockCmd)
    RCC_APB1PeriphResetCmd                   0x080004b9   Thumb Code    26  stm32f4xx_rcc.o(i.RCC_APB1PeriphResetCmd)
    RCC_APB2PeriphClockCmd                   0x080004d9   Thumb Code    26  stm32f4xx_rcc.o(i.RCC_APB2PeriphClockCmd)
    RCC_APB2PeriphResetCmd                   0x080004f9   Thumb Code    26  stm32f4xx_rcc.o(i.RCC_APB2PeriphResetCmd)
    RCC_GetClocksFreq                        0x08000519   Thumb Code   214  stm32f4xx_rcc.o(i.RCC_GetClocksFreq)
    SVC_Handler                              0x08000601   Thumb Code     2  stm32f4xx_it.o(i.SVC_Handler)
    SysTick_CLKSourceConfig                  0x080006f1   Thumb Code    40  misc.o(i.SysTick_CLKSourceConfig)
    SysTick_Handler                          0x08000719   Thumb Code    16  board_1.o(i.SysTick_Handler)
    SystemInit                               0x08000729   Thumb Code    88  system_stm32f4xx.o(i.SystemInit)
    USART1_IRQHandler                        0x08000791   Thumb Code    28  bsp_uart.o(i.USART1_IRQHandler)
    USART_ClearFlag                          0x080007b1   Thumb Code    18  stm32f4xx_usart.o(i.USART_ClearFlag)
    USART_ClearITPendingBit                  0x080007c3   Thumb Code    30  stm32f4xx_usart.o(i.USART_ClearITPendingBit)
    USART_Cmd                                0x080007e1   Thumb Code    24  stm32f4xx_usart.o(i.USART_Cmd)
    USART_DeInit                             0x080007f9   Thumb Code   206  stm32f4xx_usart.o(i.USART_DeInit)
    USART_GetITStatus                        0x080008e9   Thumb Code    84  stm32f4xx_usart.o(i.USART_GetITStatus)
    USART_ITConfig                           0x0800093d   Thumb Code    74  stm32f4xx_usart.o(i.USART_ITConfig)
    USART_Init                               0x08000989   Thumb Code   204  stm32f4xx_usart.o(i.USART_Init)
    USART_StructInit                         0x08000a5d   Thumb Code    24  stm32f4xx_usart.o(i.USART_StructInit)
    UsageFault_Handler                       0x08000a75   Thumb Code     4  stm32f4xx_it.o(i.UsageFault_Handler)
    __rt_ffs                                 0x08000a79   Thumb Code    70  kservice.o(i.__rt_ffs)
    __scatterload_copy                       0x08000ac5   Thumb Code    14  handlers.o(i.__scatterload_copy)
    __scatterload_null                       0x08000ad3   Thumb Code     2  handlers.o(i.__scatterload_null)
    __scatterload_zeroinit                   0x08000ad5   Thumb Code    14  handlers.o(i.__scatterload_zeroinit)
    board_init                               0x08000be5   Thumb Code    38  board.o(i.board_init)
    $Super$$main                             0x08000c11   Thumb Code    98  main.o(i.main)
    main_thread_entry                        0x08000c8d   Thumb Code    14  components.o(i.main_thread_entry)
    rt_application_init                      0x08000d15   Thumb Code    34  components.o(i.rt_application_init)
    rt_components_board_init                 0x08000d45   Thumb Code    20  components.o(i.rt_components_board_init)
    rt_components_init                       0x08000d61   Thumb Code    20  components.o(i.rt_components_init)
    rt_enter_critical                        0x08000d7d   Thumb Code    28  scheduler.o(i.rt_enter_critical)
    rt_exit_critical                         0x08000d9d   Thumb Code    60  scheduler.o(i.rt_exit_critical)
    rt_free                                  0x08000de1   Thumb Code    98  mem.o(i.rt_free)
    rt_heap_begin_get                        0x08000e59   Thumb Code     4  board_1.o(i.rt_heap_begin_get)
    rt_heap_end_get                          0x08000e61   Thumb Code     4  board_1.o(i.rt_heap_end_get)
    rt_hw_board_init                         0x08000e69   Thumb Code   104  board_1.o(i.rt_hw_board_init)
    rt_hw_hard_fault_exception               0x08000edd   Thumb Code    40  cpuport.o(i.rt_hw_hard_fault_exception)
    rt_hw_stack_init                         0x08000f09   Thumb Code    74  cpuport.o(i.rt_hw_stack_init)
    rt_interrupt_enter                       0x08000f59   Thumb Code    26  irq.o(i.rt_interrupt_enter)
    rt_interrupt_leave                       0x08000f79   Thumb Code    26  irq.o(i.rt_interrupt_leave)
    rt_malloc                                0x080010cd   Thumb Code   336  mem.o(i.rt_malloc)
    rt_memset                                0x08001239   Thumb Code    72  kservice.o(i.rt_memset)
    rt_object_allocate                       0x08001281   Thumb Code    84  object.o(i.rt_object_allocate)
    rt_object_delete                         0x080012d5   Thumb Code    36  object.o(i.rt_object_delete)
    rt_object_detach                         0x080012f9   Thumb Code    30  object.o(i.rt_object_detach)
    rt_object_get_information                0x08001319   Thumb Code    36  object.o(i.rt_object_get_information)
    rt_object_init                           0x08001341   Thumb Code    86  object.o(i.rt_object_init)
    rt_object_is_systemobject                0x08001397   Thumb Code    18  object.o(i.rt_object_is_systemobject)
    rt_schedule                              0x080013a9   Thumb Code   106  scheduler.o(i.rt_schedule)
    rt_schedule_insert_thread                0x0800142d   Thumb Code    72  scheduler.o(i.rt_schedule_insert_thread)
    rt_schedule_remove_thread                0x0800147d   Thumb Code    76  scheduler.o(i.rt_schedule_remove_thread)
    rt_sem_init                              0x080014d1   Thumb Code    38  ipc.o(i.rt_sem_init)
    rt_sem_release                           0x080014f7   Thumb Code    82  ipc.o(i.rt_sem_release)
    rt_sem_take                              0x08001549   Thumb Code   116  ipc.o(i.rt_sem_take)
    rt_show_version                          0x080015bd   Thumb Code     2  kservice.o(i.rt_show_version)
    rt_strncpy                               0x080015bf   Thumb Code    52  kservice.o(i.rt_strncpy)
    rt_system_heap_init                      0x080015f5   Thumb Code   146  mem.o(i.rt_system_heap_init)
    rt_system_scheduler_init                 0x080016a5   Thumb Code    52  scheduler.o(i.rt_system_scheduler_init)
    rt_system_scheduler_start                0x080016f1   Thumb Code    36  scheduler.o(i.rt_system_scheduler_start)
    rt_system_timer_init                     0x08001721   Thumb Code    24  timer.o(i.rt_system_timer_init)
    rt_system_timer_thread_init              0x0800173d   Thumb Code     2  timer.o(i.rt_system_timer_thread_init)
    rt_thread_create                         0x0800173f   Thumb Code    80  thread.o(i.rt_thread_create)
    rt_thread_delay                          0x0800178f   Thumb Code    12  thread.o(i.rt_thread_delay)
    rt_thread_exit                           0x0800179d   Thumb Code    78  thread.o(i.rt_thread_exit)
    rt_thread_idle_excute                    0x080017fd   Thumb Code    92  idle.o(i.rt_thread_idle_excute)
    rt_thread_idle_init                      0x0800185d   Thumb Code    38  idle.o(i.rt_thread_idle_init)
    rt_thread_init                           0x08001899   Thumb Code    52  thread.o(i.rt_thread_init)
    rt_thread_resume                         0x080018cd   Thumb Code    60  thread.o(i.rt_thread_resume)
    rt_thread_self                           0x08001909   Thumb Code     6  thread.o(i.rt_thread_self)
    rt_thread_sleep                          0x08001915   Thumb Code    62  thread.o(i.rt_thread_sleep)
    rt_thread_startup                        0x08001959   Thumb Code    44  thread.o(i.rt_thread_startup)
    rt_thread_suspend                        0x08001985   Thumb Code    68  thread.o(i.rt_thread_suspend)
    rt_thread_timeout                        0x080019c9   Thumb Code    32  thread.o(i.rt_thread_timeout)
    rt_thread_yield                          0x080019e9   Thumb Code    92  thread.o(i.rt_thread_yield)
    rt_tick_get                              0x08001a4d   Thumb Code     6  clock.o(i.rt_tick_get)
    rt_tick_increase                         0x08001a59   Thumb Code    42  clock.o(i.rt_tick_increase)
    rt_timer_check                           0x08001a89   Thumb Code   160  timer.o(i.rt_timer_check)
    rt_timer_control                         0x08001b2d   Thumb Code    98  timer.o(i.rt_timer_control)
    rt_timer_detach                          0x08001b8f   Thumb Code    40  timer.o(i.rt_timer_detach)
    rt_timer_init                            0x08001bb7   Thumb Code    46  timer.o(i.rt_timer_init)
    rt_timer_start                           0x08001be5   Thumb Code   226  timer.o(i.rt_timer_start)
    rt_timer_stop                            0x08001cd1   Thumb Code    48  timer.o(i.rt_timer_stop)
    rtthread_startup                         0x08001d11   Thumb Code    42  components.o(i.rtthread_startup)
    thread01_entry                           0x08001d3d   Thumb Code    36  main.o(i.thread01_entry)
    uart1_init                               0x08001d65   Thumb Code   238  bsp_uart.o(i.uart1_init)
    __lowest_bit_bitmap                      0x08001e5c   Data         256  kservice.o(.constdata)
    __rt_init_rti_start                      0x08001f80   Data           4  components.o(.rti_fn.0)
    __rt_init_rti_board_start                0x08001f84   Data           4  components.o(.rti_fn.0.end)
    __rt_init_rti_board_end                  0x08001f88   Data           4  components.o(.rti_fn.1.end)
    __rt_init_rti_end                        0x08001f8c   Data           4  components.o(.rti_fn.6.end)
    Region$$Table$$Base                      0x08001f90   Number         0  anon$$obj.o(Region$$Table)
    Region$$Table$$Limit                     0x08001fb0   Number         0  anon$$obj.o(Region$$Table)
    SystemCoreClock                          0x20000000   Data           4  system_stm32f4xx.o(.data)
    AHBPrescTable                            0x20000004   Data          16  system_stm32f4xx.o(.data)
    rt_interrupt_from_thread                 0x20000028   Data           4  cpuport.o(.data)
    rt_interrupt_to_thread                   0x2000002c   Data           4  cpuport.o(.data)
    rt_thread_switch_interrupt_flag          0x20000030   Data           4  cpuport.o(.data)
    rt_interrupt_nest                        0x2000003c   Data           1  irq.o(.data)
    rt_thread_ready_priority_group           0x20000098   Data           4  scheduler.o(.data)
    rt_current_thread                        0x200000a0   Data           4  scheduler.o(.data)
    rt_current_priority                      0x200000a4   Data           1  scheduler.o(.data)
    rt_thread_defunct                        0x200000a8   Data           8  scheduler.o(.data)
    rt_thread_priority_table                 0x20000254   Data         256  scheduler.o(.bss)
    __initial_sp                             0x20004358   Data           0  startup_stm32f40xx.o(STACK)



==============================================================================

Memory Map of the image

  Image Entry point : 0x08000189

  Load Region LR_IROM1 (Base: 0x08000000, Size: 0x0000206c, Max: 0x00080000, ABSOLUTE)

    Execution Region ER_IROM1 (Exec base: 0x08000000, Load base: 0x08000000, Size: 0x00001fb0, Max: 0x00080000, ABSOLUTE)

    Exec Addr    Load Addr    Size         Type   Attr      Idx    E Section Name        Object

    0x08000000   0x08000000   0x00000188   Data   RO          268    RESET               startup_stm32f40xx.o
    0x08000188   0x08000188   0x00000000   Code   RO         6388  * .ARM.Collect$$$$00000000  mc_w.l(entry.o)
    0x08000188   0x08000188   0x00000004   Code   RO         6391    .ARM.Collect$$$$00000001  mc_w.l(entry2.o)
    0x0800018c   0x0800018c   0x00000004   Code   RO         6394    .ARM.Collect$$$$00000004  mc_w.l(entry5.o)
    0x08000190   0x08000190   0x00000000   Code   RO         6396    .ARM.Collect$$$$00000008  mc_w.l(entry7b.o)
    0x08000190   0x08000190   0x00000000   Code   RO         6398    .ARM.Collect$$$$0000000A  mc_w.l(entry8b.o)
    0x08000190   0x08000190   0x00000008   Code   RO         6399    .ARM.Collect$$$$0000000B  mc_w.l(entry9a.o)
    0x08000198   0x08000198   0x00000000   Code   RO         6401    .ARM.Collect$$$$0000000D  mc_w.l(entry10a.o)
    0x08000198   0x08000198   0x00000000   Code   RO         6403    .ARM.Collect$$$$0000000F  mc_w.l(entry11a.o)
    0x08000198   0x08000198   0x00000004   Code   RO         6392    .ARM.Collect$$$$00002712  mc_w.l(entry2.o)
    0x0800019c   0x0800019c   0x00000024   Code   RO          269    .text               startup_stm32f40xx.o
    0x080001c0   0x080001c0   0x00000134   Code   RO         5368    .text               context_rvds.o
    0x080002f4   0x080002f4   0x00000024   Code   RO         6405    .text               mc_w.l(init.o)
    0x08000318   0x08000318   0x0000000a   Code   RO         5452    i.$Sub$$main        components.o
    0x08000322   0x08000322   0x00000004   Code   RO          212    i.BusFault_Handler  stm32f4xx_it.o
    0x08000326   0x08000326   0x00000002   Code   RO          213    i.DebugMon_Handler  stm32f4xx_it.o
    0x08000328   0x08000328   0x00000090   Code   RO         2241    i.GPIO_Init         stm32f4xx_gpio.o
    0x080003b8   0x080003b8   0x00000046   Code   RO         2242    i.GPIO_PinAFConfig  stm32f4xx_gpio.o
    0x080003fe   0x080003fe   0x00000006   Code   RO         2248    i.GPIO_ResetBits    stm32f4xx_gpio.o
    0x08000404   0x08000404   0x00000004   Code   RO         2249    i.GPIO_SetBits      stm32f4xx_gpio.o
    0x08000408   0x08000408   0x00000012   Code   RO         2250    i.GPIO_StructInit   stm32f4xx_gpio.o
    0x0800041a   0x0800041a   0x00000004   Code   RO          214    i.MemManage_Handler  stm32f4xx_it.o
    0x0800041e   0x0800041e   0x00000002   Code   RO          215    i.NMI_Handler       stm32f4xx_it.o
    0x08000420   0x08000420   0x00000078   Code   RO          366    i.NVIC_Init         misc.o
    0x08000498   0x08000498   0x00000020   Code   RO         3167    i.RCC_AHB1PeriphClockCmd  stm32f4xx_rcc.o
    0x080004b8   0x080004b8   0x00000020   Code   RO         3178    i.RCC_APB1PeriphResetCmd  stm32f4xx_rcc.o
    0x080004d8   0x080004d8   0x00000020   Code   RO         3179    i.RCC_APB2PeriphClockCmd  stm32f4xx_rcc.o
    0x080004f8   0x080004f8   0x00000020   Code   RO         3181    i.RCC_APB2PeriphResetCmd  stm32f4xx_rcc.o
    0x08000518   0x08000518   0x000000e8   Code   RO         3188    i.RCC_GetClocksFreq  stm32f4xx_rcc.o
    0x08000600   0x08000600   0x00000002   Code   RO          216    i.SVC_Handler       stm32f4xx_it.o
    0x08000602   0x08000602   0x00000002   PAD
    0x08000604   0x08000604   0x000000ec   Code   RO            4    i.SetSysClock       system_stm32f4xx.o
    0x080006f0   0x080006f0   0x00000028   Code   RO          370    i.SysTick_CLKSourceConfig  misc.o
    0x08000718   0x08000718   0x00000010   Code   RO         6337    i.SysTick_Handler   board_1.o
    0x08000728   0x08000728   0x00000068   Code   RO            6    i.SystemInit        system_stm32f4xx.o
    0x08000790   0x08000790   0x00000020   Code   RO          276    i.USART1_IRQHandler  bsp_uart.o
    0x080007b0   0x080007b0   0x00000012   Code   RO         5113    i.USART_ClearFlag   stm32f4xx_usart.o
    0x080007c2   0x080007c2   0x0000001e   Code   RO         5114    i.USART_ClearITPendingBit  stm32f4xx_usart.o
    0x080007e0   0x080007e0   0x00000018   Code   RO         5117    i.USART_Cmd         stm32f4xx_usart.o
    0x080007f8   0x080007f8   0x000000f0   Code   RO         5119    i.USART_DeInit      stm32f4xx_usart.o
    0x080008e8   0x080008e8   0x00000054   Code   RO         5121    i.USART_GetITStatus  stm32f4xx_usart.o
    0x0800093c   0x0800093c   0x0000004a   Code   RO         5123    i.USART_ITConfig    stm32f4xx_usart.o
    0x08000986   0x08000986   0x00000002   PAD
    0x08000988   0x08000988   0x000000d4   Code   RO         5124    i.USART_Init        stm32f4xx_usart.o
    0x08000a5c   0x08000a5c   0x00000018   Code   RO         5140    i.USART_StructInit  stm32f4xx_usart.o
    0x08000a74   0x08000a74   0x00000004   Code   RO          217    i.UsageFault_Handler  stm32f4xx_it.o
    0x08000a78   0x08000a78   0x0000004c   Code   RO         5722    i.__rt_ffs          kservice.o
    0x08000ac4   0x08000ac4   0x0000000e   Code   RO         6409    i.__scatterload_copy  mc_w.l(handlers.o)
    0x08000ad2   0x08000ad2   0x00000002   Code   RO         6410    i.__scatterload_null  mc_w.l(handlers.o)
    0x08000ad4   0x08000ad4   0x0000000e   Code   RO         6411    i.__scatterload_zeroinit  mc_w.l(handlers.o)
    0x08000ae2   0x08000ae2   0x00000002   PAD
    0x08000ae4   0x08000ae4   0x00000084   Code   RO         6090    i._rt_thread_init   thread.o
    0x08000b68   0x08000b68   0x00000042   Code   RO         6222    i._rt_timer_init    timer.o
    0x08000baa   0x08000baa   0x0000001c   Code   RO         6223    i._rt_timer_remove  timer.o
    0x08000bc6   0x08000bc6   0x0000001c   Code   RO         6091    i._thread_cleanup_execute  thread.o
    0x08000be2   0x08000be2   0x00000002   PAD
    0x08000be4   0x08000be4   0x0000002c   Code   RO          316    i.board_init        board.o
    0x08000c10   0x08000c10   0x0000007c   Code   RO          148    i.main              main.o
    0x08000c8c   0x08000c8c   0x0000000e   Code   RO         5453    i.main_thread_entry  components.o
    0x08000c9a   0x08000c9a   0x00000002   PAD
    0x08000c9c   0x08000c9c   0x00000078   Code   RO         5880    i.plug_holes        mem.o
    0x08000d14   0x08000d14   0x00000030   Code   RO         5454    i.rt_application_init  components.o
    0x08000d44   0x08000d44   0x0000001c   Code   RO         5455    i.rt_components_board_init  components.o
    0x08000d60   0x08000d60   0x0000001c   Code   RO         5456    i.rt_components_init  components.o
    0x08000d7c   0x08000d7c   0x00000020   Code   RO         6024    i.rt_enter_critical  scheduler.o
    0x08000d9c   0x08000d9c   0x00000044   Code   RO         6025    i.rt_exit_critical  scheduler.o
    0x08000de0   0x08000de0   0x00000078   Code   RO         5882    i.rt_free           mem.o
    0x08000e58   0x08000e58   0x00000008   Code   RO         6338    i.rt_heap_begin_get  board_1.o
    0x08000e60   0x08000e60   0x00000008   Code   RO         6339    i.rt_heap_end_get   board_1.o
    0x08000e68   0x08000e68   0x00000074   Code   RO         6340    i.rt_hw_board_init  board_1.o
    0x08000edc   0x08000edc   0x0000002c   Code   RO         5375    i.rt_hw_hard_fault_exception  cpuport.o
    0x08000f08   0x08000f08   0x00000050   Code   RO         5376    i.rt_hw_stack_init  cpuport.o
    0x08000f58   0x08000f58   0x00000020   Code   RO         5695    i.rt_interrupt_enter  irq.o
    0x08000f78   0x08000f78   0x00000020   Code   RO         5697    i.rt_interrupt_leave  irq.o
    0x08000f98   0x08000f98   0x00000014   Code   RO         5555    i.rt_ipc_list_resume  ipc.o
    0x08000fac   0x08000fac   0x0000006e   Code   RO         5557    i.rt_ipc_list_suspend  ipc.o
    0x0800101a   0x0800101a   0x00000010   Code   RO         5558    i.rt_ipc_object_init  ipc.o
    0x0800102a   0x0800102a   0x00000006   Code   RO         5559    i.rt_list_init      ipc.o
    0x08001030   0x08001030   0x00000006   Code   RO         6026    i.rt_list_init      scheduler.o
    0x08001036   0x08001036   0x00000006   Code   RO         6224    i.rt_list_init      timer.o
    0x0800103c   0x0800103c   0x0000000e   Code   RO         5936    i.rt_list_insert_after  object.o
    0x0800104a   0x0800104a   0x0000000e   Code   RO         6092    i.rt_list_insert_after  thread.o
    0x08001058   0x08001058   0x0000000e   Code   RO         6225    i.rt_list_insert_after  timer.o
    0x08001066   0x08001066   0x0000000e   Code   RO         5560    i.rt_list_insert_before  ipc.o
    0x08001074   0x08001074   0x00000010   Code   RO         5561    i.rt_list_isempty   ipc.o
    0x08001084   0x08001084   0x00000010   Code   RO         6226    i.rt_list_isempty   timer.o
    0x08001094   0x08001094   0x00000012   Code   RO         5937    i.rt_list_remove    object.o
    0x080010a6   0x080010a6   0x00000012   Code   RO         6093    i.rt_list_remove    thread.o
    0x080010b8   0x080010b8   0x00000012   Code   RO         6227    i.rt_list_remove    timer.o
    0x080010ca   0x080010ca   0x00000002   PAD
    0x080010cc   0x080010cc   0x0000016c   Code   RO         5883    i.rt_malloc         mem.o
    0x08001238   0x08001238   0x00000048   Code   RO         5731    i.rt_memset         kservice.o
    0x08001280   0x08001280   0x00000054   Code   RO         5938    i.rt_object_allocate  object.o
    0x080012d4   0x080012d4   0x00000024   Code   RO         5939    i.rt_object_delete  object.o
    0x080012f8   0x080012f8   0x0000001e   Code   RO         5940    i.rt_object_detach  object.o
    0x08001316   0x08001316   0x00000002   PAD
    0x08001318   0x08001318   0x00000028   Code   RO         5942    i.rt_object_get_information  object.o
    0x08001340   0x08001340   0x00000056   Code   RO         5946    i.rt_object_init    object.o
    0x08001396   0x08001396   0x00000012   Code   RO         5947    i.rt_object_is_systemobject  object.o
    0x080013a8   0x080013a8   0x00000084   Code   RO         6027    i.rt_schedule       scheduler.o
    0x0800142c   0x0800142c   0x00000050   Code   RO         6028    i.rt_schedule_insert_thread  scheduler.o
    0x0800147c   0x0800147c   0x00000054   Code   RO         6029    i.rt_schedule_remove_thread  scheduler.o
    0x080014d0   0x080014d0   0x00000026   Code   RO         5574    i.rt_sem_init       ipc.o
    0x080014f6   0x080014f6   0x00000052   Code   RO         5575    i.rt_sem_release    ipc.o
    0x08001548   0x08001548   0x00000074   Code   RO         5576    i.rt_sem_take       ipc.o
    0x080015bc   0x080015bc   0x00000002   Code   RO         5733    i.rt_show_version   kservice.o
    0x080015be   0x080015be   0x00000034   Code   RO         5741    i.rt_strncpy        kservice.o
    0x080015f2   0x080015f2   0x00000002   PAD
    0x080015f4   0x080015f4   0x000000b0   Code   RO         5886    i.rt_system_heap_init  mem.o
    0x080016a4   0x080016a4   0x0000004c   Code   RO         6030    i.rt_system_scheduler_init  scheduler.o
    0x080016f0   0x080016f0   0x00000030   Code   RO         6031    i.rt_system_scheduler_start  scheduler.o
    0x08001720   0x08001720   0x0000001c   Code   RO         6228    i.rt_system_timer_init  timer.o
    0x0800173c   0x0800173c   0x00000002   Code   RO         6229    i.rt_system_timer_thread_init  timer.o
    0x0800173e   0x0800173e   0x00000050   Code   RO         6095    i.rt_thread_create  thread.o
    0x0800178e   0x0800178e   0x0000000c   Code   RO         6096    i.rt_thread_delay   thread.o
    0x0800179a   0x0800179a   0x00000002   PAD
    0x0800179c   0x0800179c   0x00000058   Code   RO         6100    i.rt_thread_exit    thread.o
    0x080017f4   0x080017f4   0x00000008   Code   RO         5520    i.rt_thread_idle_entry  idle.o
    0x080017fc   0x080017fc   0x00000060   Code   RO         5521    i.rt_thread_idle_excute  idle.o
    0x0800185c   0x0800185c   0x0000003c   Code   RO         5523    i.rt_thread_idle_init  idle.o
    0x08001898   0x08001898   0x00000034   Code   RO         6102    i.rt_thread_init    thread.o
    0x080018cc   0x080018cc   0x0000003c   Code   RO         6104    i.rt_thread_resume  thread.o
    0x08001908   0x08001908   0x0000000c   Code   RO         6105    i.rt_thread_self    thread.o
    0x08001914   0x08001914   0x00000044   Code   RO         6106    i.rt_thread_sleep   thread.o
    0x08001958   0x08001958   0x0000002c   Code   RO         6107    i.rt_thread_startup  thread.o
    0x08001984   0x08001984   0x00000044   Code   RO         6108    i.rt_thread_suspend  thread.o
    0x080019c8   0x080019c8   0x00000020   Code   RO         6109    i.rt_thread_timeout  thread.o
    0x080019e8   0x080019e8   0x00000064   Code   RO         6110    i.rt_thread_yield   thread.o
    0x08001a4c   0x08001a4c   0x0000000c   Code   RO         5413    i.rt_tick_get       clock.o
    0x08001a58   0x08001a58   0x00000030   Code   RO         5414    i.rt_tick_increase  clock.o
    0x08001a88   0x08001a88   0x000000a4   Code   RO         6230    i.rt_timer_check    timer.o
    0x08001b2c   0x08001b2c   0x00000062   Code   RO         6231    i.rt_timer_control  timer.o
    0x08001b8e   0x08001b8e   0x00000028   Code   RO         6234    i.rt_timer_detach   timer.o
    0x08001bb6   0x08001bb6   0x0000002e   Code   RO         6235    i.rt_timer_init     timer.o
    0x08001be4   0x08001be4   0x000000ec   Code   RO         6238    i.rt_timer_start    timer.o
    0x08001cd0   0x08001cd0   0x00000030   Code   RO         6239    i.rt_timer_stop     timer.o
    0x08001d00   0x08001d00   0x00000004   Code   RO         5457    i.rti_board_end     components.o
    0x08001d04   0x08001d04   0x00000004   Code   RO         5458    i.rti_board_start   components.o
    0x08001d08   0x08001d08   0x00000004   Code   RO         5459    i.rti_end           components.o
    0x08001d0c   0x08001d0c   0x00000004   Code   RO         5460    i.rti_start         components.o
    0x08001d10   0x08001d10   0x0000002a   Code   RO         5461    i.rtthread_startup  components.o
    0x08001d3a   0x08001d3a   0x00000002   PAD
    0x08001d3c   0x08001d3c   0x00000028   Code   RO          149    i.thread01_entry    main.o
    0x08001d64   0x08001d64   0x000000f8   Code   RO          278    i.uart1_init        bsp_uart.o
    0x08001e5c   0x08001e5c   0x00000122   Data   RO         5747    .constdata          kservice.o
    0x08001f7e   0x08001f7e   0x00000002   PAD
    0x08001f80   0x08001f80   0x00000004   Data   RO         5462    .rti_fn.0           components.o
    0x08001f84   0x08001f84   0x00000004   Data   RO         5463    .rti_fn.0.end       components.o
    0x08001f88   0x08001f88   0x00000004   Data   RO         5464    .rti_fn.1.end       components.o
    0x08001f8c   0x08001f8c   0x00000004   Data   RO         5465    .rti_fn.6.end       components.o
    0x08001f90   0x08001f90   0x00000020   Data   RO         6407    Region$$Table       anon$$obj.o


    Execution Region RW_IRAM1 (Exec base: 0x20000000, Load base: 0x08001fb0, Size: 0x00004358, Max: 0x00020000, ABSOLUTE)

    Exec Addr    Load Addr    Size         Type   Attr      Idx    E Section Name        Object

    0x20000000   0x08001fb0   0x00000014   Data   RW            7    .data               system_stm32f4xx.o
    0x20000014   0x08001fc4   0x00000004   Data   RW          150    .data               main.o
    0x20000018   0x08001fc8   0x00000010   Data   RW         3220    .data               stm32f4xx_rcc.o
    0x20000028   0x08001fd8   0x00000010   Data   RW         5377    .data               cpuport.o
    0x20000038   0x08001fe8   0x00000004   Data   RW         5416    .data               clock.o
    0x2000003c   0x08001fec   0x00000001   Data   RW         5698    .data               irq.o
    0x2000003d   0x08001fed   0x00000003   PAD
    0x20000040   0x08001ff0   0x00000018   Data   RW         5888    .data               mem.o
    0x20000058   0x08002008   0x00000040   Data   RW         5949    .data               object.o
    0x20000098   0x08002048   0x00000018   Data   RW         6033    .data               scheduler.o
    0x200000b0   0x08002060   0x0000000c   Data   RW         6240    .data               timer.o
    0x200000bc        -       0x00000178   Zero   RW         5524    .bss                idle.o
    0x20000234        -       0x00000020   Zero   RW         5887    .bss                mem.o
    0x20000254        -       0x00000100   Zero   RW         6032    .bss                scheduler.o
    0x20000354        -       0x00003c00   Zero   RW         6342    .bss                board_1.o
    0x20003f54   0x0800206c   0x00000004   PAD
    0x20003f58        -       0x00000400   Zero   RW          266    STACK               startup_stm32f40xx.o


==============================================================================

Image component sizes


      Code (inc. data)   RO Data    RW Data    ZI Data      Debug   Object Name

        44          6          0          0          0        493   board.o
       148         20          0          0      15360      29058   board_1.o
       280         14          0          0          0       1297   bsp_uart.o
        60         12          0          4          0       1265   clock.o
       186         30         16          0          0       6472   components.o
       308         28          0          0          0        920   context_rvds.o
       124         10          0         16          0       4274   cpuport.o
       164         26          0          0        376       5398   idle.o
       418          0          0          0          0       8933   ipc.o
        64         12          0          1          0       1794   irq.o
       202          6        290          0          0       5668   kservice.o
       164         30          0          4          0       6932   main.o
       780         92          0         24         32       4188   mem.o
       160         14          0          0          0       1894   misc.o
       326          4          0         64          0       8776   object.o
       526         90          0         24        256       9050   scheduler.o
        36          8        392          0       1024        936   startup_stm32f40xx.o
       242          0          0          0          0       3953   stm32f4xx_gpio.o
        18          0          0          0          0       2827   stm32f4xx_it.o
       360         42          0         16          0       5808   stm32f4xx_rcc.o
       706         42          0          0          0       6864   stm32f4xx_usart.o
       340         32          0         20          0     274201   system_stm32f4xx.o
       808         38          0          0          0      13203   thread.o
       810         24          0         12          0      12440   timer.o

    ----------------------------------------------------------------------
      7292        580        732        188      17052     416644   Object Totals
         0          0         32          0          0          0   (incl. Generated)
        18          0          2          3          4          0   (incl. Padding)

    ----------------------------------------------------------------------

      Code (inc. data)   RO Data    RW Data    ZI Data      Debug   Library Member Name

         0          0          0          0          0          0   entry.o
         0          0          0          0          0          0   entry10a.o
         0          0          0          0          0          0   entry11a.o
         8          4          0          0          0          0   entry2.o
         4          0          0          0          0          0   entry5.o
         0          0          0          0          0          0   entry7b.o
         0          0          0          0          0          0   entry8b.o
         8          4          0          0          0          0   entry9a.o
        30          0          0          0          0          0   handlers.o
        36          8          0          0          0         68   init.o

    ----------------------------------------------------------------------
        88         16          0          0          0         68   Library Totals
         2          0          0          0          0          0   (incl. Padding)

    ----------------------------------------------------------------------

      Code (inc. data)   RO Data    RW Data    ZI Data      Debug   Library Name

        86         16          0          0          0         68   mc_w.l

    ----------------------------------------------------------------------
        88         16          0          0          0         68   Library Totals

    ----------------------------------------------------------------------

==============================================================================


      Code (inc. data)   RO Data    RW Data    ZI Data      Debug   

      7380        596        732        188      17052     405616   Grand Totals
      7380        596        732        188      17052     405616   ELF Image Totals
      7380        596        732        188          0          0   ROM Totals

==============================================================================

    Total RO  Size (Code + RO Data)                 8112 (   7.92kB)
    Total RW  Size (RW Data + ZI Data)             17240 (  16.84kB)
    Total ROM Size (Code + RO Data + RW Data)       8300 (   8.11kB)

==============================================================================

