<html>
<body>
<pre>
<h1>µVision Build Log</h1>
<h2>Tool Versions:</h2>
IDE-Version: ¦ÌVision V5.40.0.0
Copyright (C) 2024 ARM Ltd and ARM Germany GmbH. All rights reserved.
License Information: 1 1845598311@qq.com, 1, LIC=ATTQ1-CJILX-56VQ2-9564W-I5FIW-1VT2Z
 
Tool Versions:
Toolchain:       MDK-ARM Plus  Version: 5.40.0.3
Toolchain Path:  D:\software\keilc51\ARM\ARMCC\Bin
C Compiler:      Armcc.exe V5.06 update 5 (build 528)
Assembler:       Armasm.exe V5.06 update 5 (build 528)
Linker/Locator:  ArmLink.exe V5.06 update 5 (build 528)
Library Manager: ArmAr.exe V5.06 update 5 (build 528)
Hex Converter:   FromElf.exe V5.06 update 5 (build 528)
CPU DLL:         SARMCM3.DLL V5.40.0.3
Dialog DLL:      DCM.DLL V1.17.5.0
Target DLL:      STLink\ST-LINKIII-KEIL_SWO.dll V3.3.0.0
Dialog DLL:      TCM.DLL V1.56.4.0
 
<h2>Project:</h2>
D:\stm32\hxjproject\STM32F407stdRT - ¸±±¾\project\MDK(V5)\Project.uvprojx
Project File Date:  09/19/2024

<h2>Output:</h2>
*** Using Compiler 'V5.06 update 5 (build 528)', folder: 'D:\software\keilc51\ARM\ARMCC\Bin'
Build target 'Project'
Note: source file 'RTE/RTOS/board.c' - object file renamed from '.\Objects\board.o' to '.\Objects\board_1.o'.
compiling main.c...
linking...
Program Size: Code=7292 RO-data=732 RW-data=188 ZI-data=17052  
FromELF: creating hex file...
".\Objects\Project.axf" - 0 Error(s), 0 Warning(s).

<h2>Software Packages used:</h2>

Package Vendor: RealThread
                https://www.rt-thread.org/download/mdk/RealThread.RT-Thread.3.1.5.pack
                RealThread::RT-Thread@3.1.5
                RT-Thread Software Components
   * Component: kernel Version: 3.1.5

Package Vendor: Keil
                https://www.keil.com/pack/Keil.STM32F4xx_DFP.2.17.1.pack
                Keil::STM32F4xx_DFP@2.17.1
                STMicroelectronics STM32F4 Series Device Support, Drivers and Examples

<h2>Collection of Component include folders:</h2>
  ./RTE/RTOS
  ./RTE/_Project
  D:/software/keilc51/ARM/PACK/Keil/STM32F4xx_DFP/2.17.1/Drivers/CMSIS/Device/ST/STM32F4xx/Include
  D:/software/keilc51/ARM/PACK/RealThread/RT-Thread/3.1.5/include

<h2>Collection of Component Files used:</h2>

   * Component: RealThread::RTOS&RT-Thread:kernel@3.1.5
      Source file:   bsp/_template/board.c
      Source file:   src/clock.c
      Include file:  bsp/_template/rtconfig.h
      Source file:   src/components.c
      Source file:   src/idle.c
      Source file:   src/ipc.c
      Source file:   src/mempool.c
      Source file:   src/thread.c
      Source file:   src/object.c
      Source file:   src/timer.c
      Source file:   src/mem.c
      Source file:   libcpu/arm/cortex-m4/cpuport.c
      Source file:   src/kservice.c
      Source file:   src/scheduler.c
      Source file:   libcpu/arm/cortex-m4/context_rvds.S
      Source file:   src/irq.c
Build Time Elapsed:  00:00:01
</pre>
</body>
</html>
